Component: ARM Compiler 5.06 update 6 (build 750) Tool: armlink [4d35ed]

==============================================================================

Section Cross References

    startup_stm32f205xx.o(RESET) refers to startup_stm32f205xx.o(STACK) for __initial_sp
    startup_stm32f205xx.o(RESET) refers to startup_stm32f205xx.o(.text) for Reset_Handler
    startup_stm32f205xx.o(RESET) refers to stm32f2xx_it.o(i.NMI_Handler) for NMI_Handler
    startup_stm32f205xx.o(RESET) refers to stm32f2xx_it.o(i.HardFault_Handler) for HardFault_Handler
    startup_stm32f205xx.o(RESET) refers to stm32f2xx_it.o(i.MemManage_Handler) for MemManage_Handler
    startup_stm32f205xx.o(RESET) refers to stm32f2xx_it.o(i.BusFault_Handler) for BusFault_Handler
    startup_stm32f205xx.o(RESET) refers to stm32f2xx_it.o(i.UsageFault_Handler) for UsageFault_Handler
    startup_stm32f205xx.o(RESET) refers to port.o(.emb_text) for SVC_Handler
    startup_stm32f205xx.o(RESET) refers to stm32f2xx_it.o(i.DebugMon_Handler) for DebugMon_Handler
    startup_stm32f205xx.o(RESET) refers to port.o(i.SysTick_Handler) for SysTick_Handler
    startup_stm32f205xx.o(RESET) refers to stm32f2xx_it.o(i.CAN1_RX0_IRQHandler) for CAN1_RX0_IRQHandler
    startup_stm32f205xx.o(RESET) refers to stm32f2xx_it.o(i.TIM1_UP_TIM10_IRQHandler) for TIM1_UP_TIM10_IRQHandler
    startup_stm32f205xx.o(RESET) refers to stm32f2xx_it.o(i.TIM6_DAC_IRQHandler) for TIM6_DAC_IRQHandler
    startup_stm32f205xx.o(RESET) refers to stm32f2xx_it.o(i.OTG_HS_IRQHandler) for OTG_HS_IRQHandler
    startup_stm32f205xx.o(.text) refers to system_stm32f2xx.o(i.SystemInit) for SystemInit
    startup_stm32f205xx.o(.text) refers to entry.o(.ARM.Collect$$$$00000000) for __main
    usb_device.o(i.MX_USB_DEVICE_Init) refers to usbd_core.o(i.USBD_Init) for USBD_Init
    usb_device.o(i.MX_USB_DEVICE_Init) refers to main.o(i.Error_Handler) for Error_Handler
    usb_device.o(i.MX_USB_DEVICE_Init) refers to usbd_core.o(i.USBD_RegisterClass) for USBD_RegisterClass
    usb_device.o(i.MX_USB_DEVICE_Init) refers to usbd_cdc.o(i.USBD_CDC_RegisterInterface) for USBD_CDC_RegisterInterface
    usb_device.o(i.MX_USB_DEVICE_Init) refers to usbd_core.o(i.USBD_Start) for USBD_Start
    usb_device.o(i.MX_USB_DEVICE_Init) refers to usbd_desc.o(.data) for HS_Desc
    usb_device.o(i.MX_USB_DEVICE_Init) refers to usb_device.o(.bss) for hUsbDeviceHS
    usb_device.o(i.MX_USB_DEVICE_Init) refers to usbd_cdc.o(.data) for USBD_CDC
    usb_device.o(i.MX_USB_DEVICE_Init) refers to usbd_cdc_if.o(.data) for USBD_Interface_fops_HS
    usbd_desc.o(i.Get_SerialNum) refers to usbd_desc.o(i.IntToUnicode) for IntToUnicode
    usbd_desc.o(i.Get_SerialNum) refers to usbd_desc.o(.data) for USBD_StringSerial
    usbd_desc.o(i.USBD_HS_ConfigStrDescriptor) refers to usbd_ctlreq.o(i.USBD_GetString) for USBD_GetString
    usbd_desc.o(i.USBD_HS_ConfigStrDescriptor) refers to usbd_desc.o(.bss) for USBD_StrDesc
    usbd_desc.o(i.USBD_HS_DeviceDescriptor) refers to usbd_desc.o(.data) for USBD_HS_DeviceDesc
    usbd_desc.o(i.USBD_HS_InterfaceStrDescriptor) refers to usbd_ctlreq.o(i.USBD_GetString) for USBD_GetString
    usbd_desc.o(i.USBD_HS_InterfaceStrDescriptor) refers to usbd_desc.o(.bss) for USBD_StrDesc
    usbd_desc.o(i.USBD_HS_LangIDStrDescriptor) refers to usbd_desc.o(.data) for USBD_LangIDDesc
    usbd_desc.o(i.USBD_HS_ManufacturerStrDescriptor) refers to usbd_ctlreq.o(i.USBD_GetString) for USBD_GetString
    usbd_desc.o(i.USBD_HS_ManufacturerStrDescriptor) refers to usbd_desc.o(.bss) for USBD_StrDesc
    usbd_desc.o(i.USBD_HS_ProductStrDescriptor) refers to usbd_ctlreq.o(i.USBD_GetString) for USBD_GetString
    usbd_desc.o(i.USBD_HS_ProductStrDescriptor) refers to usbd_desc.o(.bss) for USBD_StrDesc
    usbd_desc.o(i.USBD_HS_SerialStrDescriptor) refers to usbd_desc.o(i.Get_SerialNum) for Get_SerialNum
    usbd_desc.o(i.USBD_HS_SerialStrDescriptor) refers to usbd_desc.o(.data) for USBD_StringSerial
    usbd_desc.o(.data) refers to usbd_desc.o(i.USBD_HS_DeviceDescriptor) for USBD_HS_DeviceDescriptor
    usbd_desc.o(.data) refers to usbd_desc.o(i.USBD_HS_LangIDStrDescriptor) for USBD_HS_LangIDStrDescriptor
    usbd_desc.o(.data) refers to usbd_desc.o(i.USBD_HS_ManufacturerStrDescriptor) for USBD_HS_ManufacturerStrDescriptor
    usbd_desc.o(.data) refers to usbd_desc.o(i.USBD_HS_ProductStrDescriptor) for USBD_HS_ProductStrDescriptor
    usbd_desc.o(.data) refers to usbd_desc.o(i.USBD_HS_SerialStrDescriptor) for USBD_HS_SerialStrDescriptor
    usbd_desc.o(.data) refers to usbd_desc.o(i.USBD_HS_ConfigStrDescriptor) for USBD_HS_ConfigStrDescriptor
    usbd_desc.o(.data) refers to usbd_desc.o(i.USBD_HS_InterfaceStrDescriptor) for USBD_HS_InterfaceStrDescriptor
    usbd_cdc_if.o(i.CDC_Init_HS) refers to usbd_cdc.o(i.USBD_CDC_SetTxBuffer) for USBD_CDC_SetTxBuffer
    usbd_cdc_if.o(i.CDC_Init_HS) refers to usbd_cdc.o(i.USBD_CDC_SetRxBuffer) for USBD_CDC_SetRxBuffer
    usbd_cdc_if.o(i.CDC_Init_HS) refers to usbd_cdc_if.o(.bss) for VCPBuffer
[...]
    USB_SetDevAddress                        0x0800ad2b   Thumb Code    42  stm32f2xx_ll_usb.o(i.USB_SetDevAddress)
    USB_SetDevSpeed                          0x0800ad55   Thumb Code    18  stm32f2xx_ll_usb.o(i.USB_SetDevSpeed)
    USB_SetTurnaroundTime                    0x0800ad69   Thumb Code   192  stm32f2xx_ll_usb.o(i.USB_SetTurnaroundTime)
    USB_WritePacket                          0x0800ae51   Thumb Code    68  stm32f2xx_ll_usb.o(i.USB_WritePacket)
    _RxPDO_EventTimers_Handler               0x0800ae95   Thumb Code     2  pdo.o(i._RxPDO_EventTimers_Handler)
    __0printf                                0x0800ae99   Thumb Code    22  printfa.o(i.__0printf)
    __1printf                                0x0800ae99   Thumb Code     0  printfa.o(i.__0printf)
    __2printf                                0x0800ae99   Thumb Code     0  printfa.o(i.__0printf)
    __c89printf                              0x0800ae99   Thumb Code     0  printfa.o(i.__0printf)
    printf                                   0x0800ae99   Thumb Code     0  printfa.o(i.__0printf)
    __0vsprintf                              0x0800aeb9   Thumb Code    30  printfa.o(i.__0vsprintf)
    __1vsprintf                              0x0800aeb9   Thumb Code     0  printfa.o(i.__0vsprintf)
    __2vsprintf                              0x0800aeb9   Thumb Code     0  printfa.o(i.__0vsprintf)
    __c89vsprintf                            0x0800aeb9   Thumb Code     0  printfa.o(i.__0vsprintf)
    vsprintf                                 0x0800aeb9   Thumb Code     0  printfa.o(i.__0vsprintf)
    __scatterload_copy                       0x0800af15   Thumb Code    14  handlers.o(i.__scatterload_copy)
    __scatterload_null                       0x0800af23   Thumb Code     2  handlers.o(i.__scatterload_null)
    __scatterload_zeroinit                   0x0800af25   Thumb Code    14  handlers.o(i.__scatterload_zeroinit)
    _getODentry                              0x0800b0b9   Thumb Code   310  objacces.o(i._getODentry)
    _heartbeatError                          0x0800b1fd   Thumb Code     2  lifegrd.o(i._heartbeatError)
    _initialisation                          0x0800b201   Thumb Code    44  canopen_callbacks.o(i._initialisation)
    _lss_StoreConfiguration                  0x0800b231   Thumb Code    20  canopen_callbacks.o(i._lss_StoreConfiguration)
    _nodeguardError                          0x0800b245   Thumb Code     2  lifegrd.o(i._nodeguardError)
    _operational                             0x0800b249   Thumb Code    26  canopen_callbacks.o(i._operational)
    _post_SlaveBootup                        0x0800b285   Thumb Code     2  lifegrd.o(i._post_SlaveBootup)
    _post_SlaveStateChange                   0x0800b287   Thumb Code     2  lifegrd.o(i._post_SlaveStateChange)
    _post_TPDO                               0x0800b289   Thumb Code     2  sync.o(i._post_TPDO)
    _post_emcy                               0x0800b28b   Thumb Code     2  emcy.o(i._post_emcy)
    _post_sync                               0x0800b28d   Thumb Code     2  sync.o(i._post_sync)
    _preOperational                          0x0800b291   Thumb Code    42  canopen_callbacks.o(i._preOperational)
    _scanIndexOD                             0x0800ba11   Thumb Code   322  keyboard_dict.o(i._scanIndexOD)
    _sendPDOevent                            0x0800bb85   Thumb Code   480  pdo.o(i._sendPDOevent)
    _setODentry                              0x0800bdbd   Thumb Code   328  objacces.o(i._setODentry)
    _stopped                                 0x0800bf1b   Thumb Code     2  states.o(i._stopped)
    _storeODSubIndex                         0x0800bf1d   Thumb Code   122  can_festival_save_param.o(i._storeODSubIndex)
    _valueRangeTest                          0x0800bfcd   Thumb Code    22  keyboard_dict.o(i._valueRangeTest)
    accessDictionaryError                    0x0800bfe9   Thumb Code    10  objacces.o(i.accessDictionaryError)
    buildPDO                                 0x0800bff5   Thumb Code   282  pdo.o(i.buildPDO)
    canChangeBaudRate                        0x0800c161   Thumb Code     6  can_stm32.o(i.canChangeBaudRate)
    canDispatch                              0x0800c167   Thumb Code   208  states.o(i.canDispatch)
    canReceive                               0x0800c237   Thumb Code    68  can_stm32.o(i.canReceive)
    canSend                                  0x0800c27d   Thumb Code    76  can_stm32.o(i.canSend)
    can_irq_handler                          0x0800c2cd   Thumb Code    22  can_stm32.o(i.can_irq_handler)
    emergencyInit                            0x0800c2f1   Thumb Code    28  emcy.o(i.emergencyInit)
    emergencyStop                            0x0800c311   Thumb Code     2  emcy.o(i.emergencyStop)
    failedSDO                                0x0800c313   Thumb Code   182  sdo.o(i.failedSDO)
    fputc                                    0x0800c3c9   Thumb Code    18  fputc.o(i.fputc)
    free                                     0x0800c3dd   Thumb Code    76  malloc.o(i.free)
    getElapsedTime                           0x0800c42d   Thumb Code    30  timer_stm32.o(i.getElapsedTime)
    getNodeId                                0x0800c455   Thumb Code     8  states.o(i.getNodeId)
    getSDOfreeLine                           0x0800c45d   Thumb Code    90  sdo.o(i.getSDOfreeLine)
    getSDOlineOnUse                          0x0800c4f1   Thumb Code   114  sdo.o(i.getSDOlineOnUse)
    getSDOlineRestBytes                      0x0800c563   Thumb Code    74  sdo.o(i.getSDOlineRestBytes)
    heartbeatInit                            0x0800c5ad   Thumb Code   134  lifegrd.o(i.heartbeatInit)
    heartbeatStop                            0x0800c641   Thumb Code    56  lifegrd.o(i.heartbeatStop)
    initSDOline                              0x0800c679   Thumb Code   446  sdo.o(i.initSDOline)
    initTimer                                0x0800c841   Thumb Code    14  timer_stm32.o(i.initTimer)
    lifeGuardInit                            0x0800c855   Thumb Code    18  lifegrd.o(i.lifeGuardInit)
    lifeGuardStop                            0x0800c867   Thumb Code    18  lifegrd.o(i.lifeGuardStop)
    lineToSDO                                0x0800c879   Thumb Code   226  sdo.o(i.lineToSDO)
    main                                     0x0800c9d9   Thumb Code    58  main.o(i.main)
    malloc                                   0x0800ca31   Thumb Code    92  malloc.o(i.malloc)
    masterSendNMTnodeguard                   0x0800ca9d   Thumb Code    38  nmtmaster.o(i.masterSendNMTnodeguard)
    masterSendNMTstateChange                 0x0800cac3   Thumb Code    44  nmtmaster.o(i.masterSendNMTstateChange)
    nodeguardInit                            0x0800caf1   Thumb Code   132  lifegrd.o(i.nodeguardInit)
    nodeguardStop                            0x0800cb7d   Thumb Code    18  lifegrd.o(i.nodeguardStop)
    objdictToSDOline                         0x0800cb8f   Thumb Code   142  sdo.o(i.objdictToSDOline)
    osDelay                                  0x0800cc1d   Thumb Code    24  cmsis_os.o(i.osDelay)
    osKernelStart                            0x0800cc35   Thumb Code    10  cmsis_os.o(i.osKernelStart)
    osThreadCreate                           0x0800cc3f   Thumb Code    94  cmsis_os.o(i.osThreadCreate)
    print_ch                                 0x0800cc9d   Thumb Code   144  print_ch.o(i.print_ch)
    proceedEMCY                              0x0800cd35   Thumb Code    74  emcy.o(i.proceedEMCY)
    proceedLSS_Master                        0x0800cdb1   Thumb Code   368  lss.o(i.proceedLSS_Master)
    proceedLSS_Slave                         0x0800cf59   Thumb Code  1596  lss.o(i.proceedLSS_Slave)
    proceedNMTstateChange                    0x0800d5b9   Thumb Code   240  nmtslave.o(i.proceedNMTstateChange)
    proceedNODE_GUARD                        0x0800d6a9   Thumb Code   282  lifegrd.o(i.proceedNODE_GUARD)
    proceedPDO                               0x0800d7c9   Thumb Code   848  pdo.o(i.proceedPDO)
    proceedSDO                               0x0800dbc9   Thumb Code 12396  sdo.o(i.proceedSDO)
    proceedSYNC                              0x08010cad   Thumb Code    44  sync.o(i.proceedSYNC)
    pvPortMalloc                             0x08011151   Thumb Code   296  heap_4.o(i.pvPortMalloc)
    pxPortInitialiseStack                    0x0801128d   Thumb Code    30  port.o(i.pxPortInitialiseStack)
    resetSDO                                 0x080112b1   Thumb Code    26  sdo.o(i.resetSDO)
    resetSDOline                             0x080112cb   Thumb Code    96  sdo.o(i.resetSDOline)
    scanIndexOD                              0x0801132b   Thumb Code    28  objacces.o(i.scanIndexOD)
    sendOnePDOevent                          0x08011349   Thumb Code   348  pdo.o(i.sendOnePDOevent)
    sendSDO                                  0x08011519   Thumb Code   208  sdo.o(i.sendSDO)
    sendSDOabort                             0x0801163d   Thumb Code    82  sdo.o(i.sendSDOabort)
    sendSYNC                                 0x0801168f   Thumb Code    22  sync.o(i.sendSYNC)
    sendSYNCMessage                          0x080116a5   Thumb Code    36  sync.o(i.sendSYNCMessage)
    sendSlaveLSSMessage                      0x080116c9   Thumb Code   228  lss.o(i.sendSlaveLSSMessage)
    setNodeId                                0x080117e9   Thumb Code   406  states.o(i.setNodeId)
    setSDOlineRestBytes                      0x08011985   Thumb Code    56  sdo.o(i.setSDOlineRestBytes)
    setState                                 0x08011a0d   Thumb Code   200  states.o(i.setState)
    setTimer                                 0x08011ad9   Thumb Code    16  timer_stm32.o(i.setTimer)
    slaveSendBootUp                          0x08011aed   Thumb Code    58  nmtslave.o(i.slaveSendBootUp)
    startLSS                                 0x08011b27   Thumb Code     2  lss.o(i.startLSS)
    startSYNC                                0x08011b29   Thumb Code   100  sync.o(i.startSYNC)
    stg_GetDEVmap                            0x08011b95   Thumb Code     2  storage.o(i.stg_GetDEVmap)
    stg_GetNodeID                            0x08011b99   Thumb Code    16  storage.o(i.stg_GetNodeID)
    stg_IsMagic                              0x08011bad   Thumb Code    10  storage.o(i.stg_IsMagic)
    stg_SetDEVmap                            0x08011bb7   Thumb Code     2  storage.o(i.stg_SetDEVmap)
    stg_SetNodeID                            0x08011bb9   Thumb Code    14  storage.o(i.stg_SetNodeID)
    stg_SetValue                             0x08011bcd   Thumb Code     2  storage.o(i.stg_SetValue)
    stopLSS                                  0x08011bcf   Thumb Code     2  lss.o(i.stopLSS)
    stopSYNC                                 0x08011bd1   Thumb Code    46  sync.o(i.stopSYNC)
    switchCommunicationState                 0x08011bff   Thumb Code   332  states.o(i.switchCommunicationState)
    timer_can_irq_handler                    0x08011d4d   Thumb Code    18  timer_stm32.o(i.timer_can_irq_handler)
    uxListRemove                             0x08011d69   Thumb Code    40  list.o(i.uxListRemove)
    vApplicationGetIdleTaskMemory            0x08011d91   Thumb Code    14  freertos.o(i.vApplicationGetIdleTaskMemory)
    vKeyboardPolling_Handler                 0x08011da9   Thumb Code    10  freertos.o(i.vKeyboardPolling_Handler)
    vLedON_Handler                           0x08011db5   Thumb Code   114  freertos.o(i.vLedON_Handler)
    vListInitialise                          0x08011e31   Thumb Code    26  list.o(i.vListInitialise)
    vListInitialiseItem                      0x08011e4b   Thumb Code     6  list.o(i.vListInitialiseItem)
    vListInsert                              0x08011e51   Thumb Code    52  list.o(i.vListInsert)
    vListInsertEnd                           0x08011e85   Thumb Code    24  list.o(i.vListInsertEnd)
    vPortEnterCritical                       0x08011e9d   Thumb Code    76  port.o(i.vPortEnterCritical)
    vPortExitCritical                        0x08011ef1   Thumb Code    56  port.o(i.vPortExitCritical)
    vPortFree                                0x08011f2d   Thumb Code   140  heap_4.o(i.vPortFree)
    vPortSetupTimerInterrupt                 0x08011fc1   Thumb Code    36  port.o(i.vPortSetupTimerInterrupt)
    vSendToCAN_Handler                       0x08011fe9   Thumb Code    10  freertos.o(i.vSendToCAN_Handler)
    vSendToUSB_Handler                       0x08011ff3   Thumb Code    10  freertos.o(i.vSendToUSB_Handler)
    vTaskDelay                               0x08011ffd   Thumb Code    82  tasks.o(i.vTaskDelay)
    vTaskDelayUntil                          0x08012059   Thumb Code   200  tasks.o(i.vTaskDelayUntil)
    vTaskStartScheduler                      0x0801212d   Thumb Code   146  tasks.o(i.vTaskStartScheduler)
    vTaskSuspendAll                          0x080121dd   Thumb Code    12  tasks.o(i.vTaskSuspendAll)
    vTaskSwitchContext                       0x080121ed   Thumb Code   118  tasks.o(i.vTaskSwitchContext)
    xPortStartScheduler                      0x08012279   Thumb Code   228  port.o(i.xPortStartScheduler)
    xTaskCreate                              0x08012371   Thumb Code   100  tasks.o(i.xTaskCreate)
    xTaskCreateStatic                        0x080123d5   Thumb Code   184  tasks.o(i.xTaskCreateStatic)
    xTaskGetTickCount                        0x0801248d   Thumb Code     6  tasks.o(i.xTaskGetTickCount)
    xTaskIncrementTick                       0x08012499   Thumb Code   282  tasks.o(i.xTaskIncrementTick)
    xTaskResumeAll                           0x080125e1   Thumb Code   224  tasks.o(i.xTaskResumeAll)
    AHBPrescTable                            0x080126e4   Data          16  system_stm32f2xx.o(.constdata)
    APBPrescTable                            0x080126f4   Data           8  system_stm32f2xx.o(.constdata)
    _iam_a_slave                             0x080127dc   Data           1  keyboard_dict.o(.constdata)
    _objdict                                 0x080127e0   Data         312  keyboard_dict.o(.constdata)
    _firstIndex                              0x08012918   Data          24  keyboard_dict.o(.constdata)
    _lastIndex                               0x08012930   Data          24  keyboard_dict.o(.constdata)
    _ObjdictSize                             0x08012948   Data           4  keyboard_dict.o(.constdata)
    Region$$Table$$Base                      0x08012e9c   Number         0  anon$$obj.o(Region$$Table)
    Region$$Table$$Limit                     0x08012edc   Number         0  anon$$obj.o(Region$$Table)
    HS_Desc                                  0x20000000   Data          28  usbd_desc.o(.data)
    USBD_HS_DeviceDesc                       0x2000001c   Data          18  usbd_desc.o(.data)
    USBD_LangIDDesc                          0x20000030   Data           4  usbd_desc.o(.data)
    USBD_StringSerial                        0x20000034   Data          26  usbd_desc.o(.data)
    CntUSB_CMD                               0x20000050   Data           4  usbd_cdc_if.o(.data)
    CntUSB_Packet                            0x20000054   Data           4  usbd_cdc_if.o(.data)
    USBD_Interface_fops_HS                   0x20000058   Data          16  usbd_cdc_if.o(.data)
    uwTick                                   0x20000068   Data           4  stm32f2xx_hal.o(.data)
    uwTickPrio                               0x2000006c   Data           4  stm32f2xx_hal.o(.data)
    uwTickFreq                               0x20000070   Data           1  stm32f2xx_hal.o(.data)
    SystemCoreClock                          0x20000074   Data           4  system_stm32f2xx.o(.data)
    params                                   0x20000078   Data           8  paramdataflash.o(.data)
    pMemCurrParams                           0x20000080   Data           4  paramdataflash.o(.data)
    fParamInit                               0x20000084   Data           1  paramdataflash.o(.data)
    nDACdelay                                0x20000088   Data           4  paramdataflash.o(.data)
    __stdout                                 0x2000008c   Data           4  stdout.o(.data)
    __microlib_freelist_initialised          0x20000090   Data           4  mvars.o(.data)
    pFlash                                   0x20000094   Data          32  stm32f2xx_hal_flash.o(.bss)
    hcan1                                    0x20003da4   Data          40  can.o(.bss)
    hi2c1                                    0x20004030   Data          84  i2c.o(.bss)
    htim6                                    0x20004214   Data          72  tim.o(.bss)
    _Index1800_callbacks                     0x2000425c   Data          28  keyboard_dict.o(.bss)
    _Index1801_callbacks                     0x20004278   Data          28  keyboard_dict.o(.bss)
    _Index1802_callbacks                     0x20004294   Data          28  keyboard_dict.o(.bss)
    _Index1803_callbacks                     0x200042b0   Data          28  keyboard_dict.o(.bss)
    _Index1A00_callbacks                     0x200042cc   Data          12  keyboard_dict.o(.bss)
    __heap_base                              0x200042d8   Data           0  startup_stm32f205xx.o(HEAP)
    __heap_limit                             0x200062d8   Data           0  startup_stm32f205xx.o(HEAP)
    __initial_sp                             0x2000a2d8   Data           0  startup_stm32f205xx.o(STACK)
    pxCurrentTCB                             0x2001c000   Data           4  tasks.o(.data)
    USBD_CDC                                 0x2001c070   Data          56  usbd_cdc.o(.data)
    USBD_CDC_CfgHSDesc                       0x2001c0a8   Data          67  usbd_cdc.o(.data)
    USBD_CDC_CfgFSDesc                       0x2001c0ec   Data          67  usbd_cdc.o(.data)
    USBD_CDC_OtherSpeedCfgDesc               0x2001c130   Data          67  usbd_cdc.o(.data)
    cnt                                      0x2001c174   Data           4  freertos.o(.data)
    defaultTaskHandle                        0x2001c178   Data           4  freertos.o(.data)
    vLedONHandle                             0x2001c17c   Data           4  freertos.o(.data)
    vKeyboardPollinHandle                    0x2001c180   Data           4  freertos.o(.data)
    vSendToCANHandle                         0x2001c184   Data           4  freertos.o(.data)
    vSendToUSBHandle                         0x2001c188   Data           4  freertos.o(.data)
    fREADY_comportHT                         0x2001c194   Data           1  ht_proc.o(.data)
    fREADY_vcpHT                             0x2001c195   Data           1  ht_proc.o(.data)
    CmdTable                                 0x2001c198   Data          80  ht_proc.o(.data)
    total_sleep_time                         0x2001c1e8   Data           4  timer.o(.data)
    last_timer_raw                           0x2001c1ec   Data           2  timer.o(.data)
    tdcount                                  0x2001c1f0   Data           4  timer.o(.data)
    Buttons_State                            0x2001c1f4   Data           8  keyboard_dict.o(.data)
    Leds_State                               0x2001c1fc   Data           8  keyboard_dict.o(.data)
    Leds_ON                                  0x2001c204   Data           1  keyboard_dict.o(.data)
    _bDeviceNodeId                           0x2001c205   Data           1  keyboard_dict.o(.data)
    _heartBeatTimers                         0x2001c206   Data           2  keyboard_dict.o(.data)
    _obj1000                                 0x2001c208   Data           4  keyboard_dict.o(.data)
    _Index1000                               0x2001c20c   Data          12  keyboard_dict.o(.data)
    _obj1001                                 0x2001c218   Data           1  keyboard_dict.o(.data)
    _Index1001                               0x2001c21c   Data          12  keyboard_dict.o(.data)
    _highestSubIndex_obj1003                 0x2001c228   Data           1  keyboard_dict.o(.data)
    _obj1003                                 0x2001c22c   Data           4  keyboard_dict.o(.data)
    _Index1003_callbacks                     0x2001c230   Data           8  keyboard_dict.o(.data)
    _Index1003                               0x2001c238   Data          24  keyboard_dict.o(.data)
    _obj1005                                 0x2001c250   Data           4  keyboard_dict.o(.data)
    _Index1005_callbacks                     0x2001c254   Data           4  keyboard_dict.o(.data)
    _Index1005                               0x2001c258   Data          12  keyboard_dict.o(.data)
    _obj1006                                 0x2001c264   Data           4  keyboard_dict.o(.data)
    _Index1006_callbacks                     0x2001c268   Data           4  keyboard_dict.o(.data)
    _Index1006                               0x2001c26c   Data          12  keyboard_dict.o(.data)
    _obj1008                                 0x2001c278   Data          10  keyboard_dict.o(.data)
    _Index1008                               0x2001c284   Data          12  keyboard_dict.o(.data)
    _obj100C                                 0x2001c290   Data           4  keyboard_dict.o(.data)
    _Index100C                               0x2001c294   Data          12  keyboard_dict.o(.data)
    _obj100D                                 0x2001c2a0   Data           1  keyboard_dict.o(.data)
    _highestSubIndex_obj1010                 0x2001c2a1   Data           1  keyboard_dict.o(.data)
    _obj1010_Save_All_Parameters             0x2001c2a4   Data           4  keyboard_dict.o(.data)
    _obj1010_Save_Communication_Parameters   0x2001c2a8   Data           4  keyboard_dict.o(.data)
    _obj1010_Save_Application_Parameters     0x2001c2ac   Data           4  keyboard_dict.o(.data)
    _obj1010_Save_Manufacturer_Parameters_1  0x2001c2b0   Data           4  keyboard_dict.o(.data)
    _Index1010                               0x2001c2b4   Data          60  keyboard_dict.o(.data)
    _highestSubIndex_obj1011                 0x2001c2f0   Data           1  keyboard_dict.o(.data)
    _obj1011_Restore_All_Default_Parameters  0x2001c2f4   Data           4  keyboard_dict.o(.data)
    _obj1011_Restore_Communication_Default_Parameters 0x2001c2f8   Data           4  keyboard_dict.o(.data)
    _obj1011_Restore_Application_Default_Parameters 0x2001c2fc   Data           4  keyboard_dict.o(.data)
    _obj1011_Restore_Manufacturer_Defined_Default_Parameters_1 0x2001c300   Data           4  keyboard_dict.o(.data)
    _Index1011                               0x2001c304   Data          60  keyboard_dict.o(.data)
    _obj1012                                 0x2001c340   Data           4  keyboard_dict.o(.data)
    _Index1012                               0x2001c344   Data          12  keyboard_dict.o(.data)
    _obj1014                                 0x2001c350   Data           4  keyboard_dict.o(.data)
    _Index1014                               0x2001c354   Data          12  keyboard_dict.o(.data)
    _highestSubIndex_obj1016                 0x2001c360   Data           1  keyboard_dict.o(.data)
    _obj1016                                 0x2001c364   Data           4  keyboard_dict.o(.data)
    _Index1016                               0x2001c368   Data          24  keyboard_dict.o(.data)
    _obj1017                                 0x2001c380   Data           4  keyboard_dict.o(.data)
    _Index1017_callbacks                     0x2001c384   Data           4  keyboard_dict.o(.data)
    _Index1017                               0x2001c388   Data          12  keyboard_dict.o(.data)
    _highestSubIndex_obj1018                 0x2001c394   Data           1  keyboard_dict.o(.data)
    _obj1018_Vendor_ID                       0x2001c398   Data           4  keyboard_dict.o(.data)
    _obj1018_Product_Code                    0x2001c39c   Data           4  keyboard_dict.o(.data)
    _obj1018_Revision_Number                 0x2001c3a0   Data           4  keyboard_dict.o(.data)
    _obj1018_Serial_Number                   0x2001c3a4   Data           4  keyboard_dict.o(.data)
    _Index1018                               0x2001c3a8   Data          60  keyboard_dict.o(.data)
    _highestSubIndex_obj1200                 0x2001c3e4   Data           1  keyboard_dict.o(.data)
    _obj1200_COB_ID_Client_to_Server_Receive_SDO 0x2001c3e8   Data           4  keyboard_dict.o(.data)
    _obj1200_COB_ID_Server_to_Client_Transmit_SDO 0x2001c3ec   Data           4  keyboard_dict.o(.data)
    _Index1200                               0x2001c3f0   Data          36  keyboard_dict.o(.data)
    _highestSubIndex_obj1800                 0x2001c414   Data           1  keyboard_dict.o(.data)
    _obj1800_COB_ID_used_by_PDO              0x2001c418   Data           4  keyboard_dict.o(.data)
    _obj1800_Transmission_Type               0x2001c41c   Data           1  keyboard_dict.o(.data)
    _obj1800_Inhibit_Time                    0x2001c420   Data           4  keyboard_dict.o(.data)
    _obj1800_Compatibility_Entry             0x2001c424   Data           1  keyboard_dict.o(.data)
    _obj1800_Event_Timer                     0x2001c428   Data           4  keyboard_dict.o(.data)
    _obj1800_SYNC_start_value                0x2001c42c   Data           1  keyboard_dict.o(.data)
    _Index1800                               0x2001c430   Data          84  keyboard_dict.o(.data)
    _highestSubIndex_obj1801                 0x2001c484   Data           1  keyboard_dict.o(.data)
    _obj1801_COB_ID_used_by_PDO              0x2001c488   Data           4  keyboard_dict.o(.data)
    _obj1801_Transmission_Type               0x2001c48c   Data           1  keyboard_dict.o(.data)
    _obj1801_Inhibit_Time                    0x2001c490   Data           4  keyboard_dict.o(.data)
    _obj1801_Compatibility_Entry             0x2001c494   Data           1  keyboard_dict.o(.data)
    _obj1801_Event_Timer                     0x2001c498   Data           4  keyboard_dict.o(.data)
    _obj1801_SYNC_start_value                0x2001c49c   Data           1  keyboard_dict.o(.data)
    _Index1801                               0x2001c4a0   Data          84  keyboard_dict.o(.data)
    _highestSubIndex_obj1802                 0x2001c4f4   Data           1  keyboard_dict.o(.data)
    _obj1802_COB_ID_used_by_PDO              0x2001c4f8   Data           4  keyboard_dict.o(.data)
    _obj1802_Transmission_Type               0x2001c4fc   Data           1  keyboard_dict.o(.data)
    _obj1802_Inhibit_Time                    0x2001c500   Data           4  keyboard_dict.o(.data)
    _obj1802_Compatibility_Entry             0x2001c504   Data           1  keyboard_dict.o(.data)
    _obj1802_Event_Timer                     0x2001c508   Data           4  keyboard_dict.o(.data)
    _obj1802_SYNC_start_value                0x2001c50c   Data           1  keyboard_dict.o(.data)
    _Index1802                               0x2001c510   Data          84  keyboard_dict.o(.data)
    _highestSubIndex_obj1803                 0x2001c564   Data           1  keyboard_dict.o(.data)
    _obj1803_COB_ID_used_by_PDO              0x2001c568   Data           4  keyboard_dict.o(.data)
    _obj1803_Transmission_Type               0x2001c56c   Data           1  keyboard_dict.o(.data)
    _obj1803_Inhibit_Time                    0x2001c570   Data           4  keyboard_dict.o(.data)
    _obj1803_Compatibility_Entry             0x2001c574   Data           1  keyboard_dict.o(.data)
    _obj1803_Event_Timer                     0x2001c578   Data           4  keyboard_dict.o(.data)
    _obj1803_SYNC_start_value                0x2001c57c   Data           1  keyboard_dict.o(.data)
    _Index1803                               0x2001c580   Data          84  keyboard_dict.o(.data)
    _highestSubIndex_obj1A00                 0x2001c5d4   Data           1  keyboard_dict.o(.data)
    _obj1A00                                 0x2001c5d8   Data           8  keyboard_dict.o(.data)
    _Index1A00                               0x2001c5e0   Data          36  keyboard_dict.o(.data)
    _highestSubIndex_obj1A01                 0x2001c604   Data           1  keyboard_dict.o(.data)
    _obj1A01                                 0x2001c608   Data           8  keyboard_dict.o(.data)
    _Index1A01                               0x2001c610   Data          36  keyboard_dict.o(.data)
    _highestSubIndex_obj1A02                 0x2001c634   Data           1  keyboard_dict.o(.data)
    _obj1A02                                 0x2001c638   Data           8  keyboard_dict.o(.data)
    _Index1A02                               0x2001c640   Data          36  keyboard_dict.o(.data)
    _highestSubIndex_obj1A03                 0x2001c664   Data           1  keyboard_dict.o(.data)
    _obj1A03                                 0x2001c668   Data           4  keyboard_dict.o(.data)
    _Index1A03                               0x2001c66c   Data          24  keyboard_dict.o(.data)
    _highestSubIndex_obj2000                 0x2001c684   Data           1  keyboard_dict.o(.data)
    _Index2000                               0x2001c688   Data          36  keyboard_dict.o(.data)
    _highestSubIndex_obj2001                 0x2001c6ac   Data           1  keyboard_dict.o(.data)
    _Index2001                               0x2001c6b0   Data          36  keyboard_dict.o(.data)
    Leds_ON_callbacks                        0x2001c6d4   Data           4  keyboard_dict.o(.data)
    _Index2002                               0x2001c6d8   Data          12  keyboard_dict.o(.data)
    _PDO_status                              0x2001c6e4   Data          96  keyboard_dict.o(.data)
    _Data                                    0x2001c744   Data         652  keyboard_dict.o(.data)
    __microlib_freelist                      0x2001c9d0   Data           4  mvars.o(.data)
    hUsbDeviceHS                             0x2001c9d4   Data         708  usb_device.o(.bss)
    USBD_StrDesc                             0x2001cc98   Data         256  usbd_desc.o(.bss)
    UserRxBufferHS                           0x2001cd98   Data        1024  usbd_cdc_if.o(.bss)
    UserTxBufferHS                           0x2001d198   Data        1024  usbd_cdc_if.o(.bss)
    VCPBuffer                                0x2001d598   Data        1024  usbd_cdc_if.o(.bss)
    hpcd_USB_OTG_HS                          0x2001d998   Data        1024  usbd_conf.o(.bss)
    led_keyboard                             0x2001dd98   Data          20  main.o(.bss)
    keyboard                                 0x2001ddb0   Data          16  main.o(.bss)
    htim1                                    0x2001ddc0   Data          72  stm32f2xx_hal_timebase_tim.o(.bss)
    hVCP_Buff                                0x2001de08   Data          16  ht_proc.o(.bss)
    RXbuff                                   0x2001de18   Data         255  ht_proc.o(.bss)
    buffCmdVCP                               0x2001e017   Data         256  ht_proc.o(.bss)
    timers                                   0x2001e218   Data         192  timer.o(.bss)



==============================================================================

Memory Map of the image

  Image Entry point : 0x08000185

  Load Region LR_IROM1 (Base: 0x08000000, Size: 0x00013944, Max: 0x00020000, ABSOLUTE, COMPRESSED[0x00013264])

    Execution Region ER_IROM1 (Exec base: 0x08000000, Load base: 0x08000000, Size: 0x00012edc, Max: 0x00020000, ABSOLUTE)

    Exec Addr    Load Addr    Size         Type   Attr      Idx    E Section Name        Object

    0x08000000   0x08000000   0x00000184   Data   RO            3    RESET               startup_stm32f205xx.o
    0x08000184   0x08000184   0x00000000   Code   RO         7827  * .ARM.Collect$$$$00000000  mc_w.l(entry.o)
    0x08000184   0x08000184   0x00000004   Code   RO         8181    .ARM.Collect$$$$00000001  mc_w.l(entry2.o)
    0x08000188   0x08000188   0x00000004   Code   RO         8184    .ARM.Collect$$$$00000004  mc_w.l(entry5.o)
    0x0800018c   0x0800018c   0x00000000   Code   RO         8186    .ARM.Collect$$$$00000008  mc_w.l(entry7b.o)
    0x0800018c   0x0800018c   0x00000000   Code   RO         8188    .ARM.Collect$$$$0000000A  mc_w.l(entry8b.o)
    0x0800018c   0x0800018c   0x00000008   Code   RO         8189    .ARM.Collect$$$$0000000B  mc_w.l(entry9a.o)
    0x08000194   0x08000194   0x00000000   Code   RO         8191    .ARM.Collect$$$$0000000D  mc_w.l(entry10a.o)
    0x08000194   0x08000194   0x00000000   Code   RO         8193    .ARM.Collect$$$$0000000F  mc_w.l(entry11a.o)
    0x08000194   0x08000194   0x00000004   Code   RO         8182    .ARM.Collect$$$$00002712  mc_w.l(entry2.o)
    0x08000198   0x08000198   0x00000096   Code   RO         5230    .emb_text           port.o
    0x0800022e   0x0800022e   0x00000002   PAD
    0x08000230   0x08000230   0x00000024   Code   RO            4    .text               startup_stm32f205xx.o
    0x08000254   0x08000254   0x00000062   Code   RO         7830    .text               mc_w.l(uldiv.o)
    0x080002b6   0x080002b6   0x0000001e   Code   RO         7832    .text               mc_w.l(llshl.o)
    0x080002d4   0x080002d4   0x00000024   Code   RO         7864    .text               mc_w.l(memcpya.o)
    0x080002f8   0x080002f8   0x00000024   Code   RO         7868    .text               mc_w.l(memseta.o)
    0x0800031c   0x0800031c   0x0000001c   Code   RO         7872    .text               mc_w.l(strcmp.o)
    0x08000338   0x08000338   0x0000001a   Code   RO         7874    .text               mc_w.l(memcmp.o)
    0x08000352   0x08000352   0x00000042   Code   RO         7886    .text               mc_w.l(strlcat.o)
    0x08000394   0x08000394   0x0000002c   Code   RO         8198    .text               mc_w.l(uidiv.o)
    0x080003c0   0x080003c0   0x00000020   Code   RO         8200    .text               mc_w.l(llushr.o)
    0x080003e0   0x080003e0   0x00000000   Code   RO         8213    .text               mc_w.l(iusefp.o)
    0x080003e0   0x080003e0   0x0000014e   Code   RO         8216    .text               mf_w.l(dadd.o)
    0x0800052e   0x0800052e   0x000000e4   Code   RO         8218    .text               mf_w.l(dmul.o)
    0x08000612   0x08000612   0x000000de   Code   RO         8220    .text               mf_w.l(ddiv.o)
    0x080006f0   0x080006f0   0x00000030   Code   RO         8222    .text               mf_w.l(dfixul.o)
    0x08000720   0x08000720   0x00000030   Code   RO         8224    .text               mf_w.l(cdrcmple.o)
    0x08000750   0x08000750   0x00000024   Code   RO         8226    .text               mc_w.l(init.o)
    0x08000774   0x08000774   0x00000000   Code   RO         8228    .text               mc_w.l(semi.o)
    0x08000774   0x08000774   0x00000024   Code   RO         8229    .text               mc_w.l(llsshr.o)
    0x08000798   0x08000798   0x00000000   Code   RO         8239    .text               mc_w.l(iusesemip.o)
    0x08000798   0x08000798   0x000000ba   Code   RO         8240    .text               mf_w.l(depilogue.o)
    0x08000852   0x08000852   0x00000056   Code   RO         8255    .text               mc_w.l(__dczerorl2.o)
    0x080008a8   0x080008a8   0x00000004   Code   RO         6473    i.BusFault_Handler  stm32f2xx_it.o
    0x080008ac   0x080008ac   0x00000010   Code   RO         6474    i.CAN1_RX0_IRQHandler  stm32f2xx_it.o
    0x080008bc   0x080008bc   0x00000074   Code   RO         5945    i.CANOPEN_CALL_BACK_INIT  canopen_callbacks.o
    0x08000930   0x08000930   0x00000044   Code   RO          276    i.CDC_Control_HS    usbd_cdc_if.o
    0x08000974   0x08000974   0x00000004   Code   RO          277    i.CDC_DeInit_HS     usbd_cdc_if.o
    0x08000978   0x08000978   0x00000038   Code   RO          278    i.CDC_Init_HS       usbd_cdc_if.o
    0x080009b0   0x080009b0   0x00000080   Code   RO          279    i.CDC_Receive_HS    usbd_cdc_if.o
    0x08000a30   0x08000a30   0x00000032   Code   RO         6979    i.ConsumerHeartbeatAlarm  lifegrd.o
    0x08000a62   0x08000a62   0x000000ec   Code   RO         7311    i.CopyBits          pdo.o
    0x08000b4e   0x08000b4e   0x00000002   Code   RO         6475    i.DebugMon_Handler  stm32f2xx_it.o
    0x08000b50   0x08000b50   0x00000038   Code   RO         7744    i.DelAlarm          timer.o
    0x08000b88   0x08000b88   0x00000006   Code   RO         6254    i.Error_Handler     main.o
    0x08000b8e   0x08000b8e   0x00000002   PAD
    0x08000b90   0x08000b90   0x0000009c   Code   RO         6302    i.ExistParams       paramdataflash.o
    0x08000c2c   0x08000c2c   0x000000a0   Code   RO         6303    i.FLASH_EraseSector  paramdataflash.o
    0x08000ccc   0x08000ccc   0x00000050   Code   RO         6304    i.FLASH_ProgramByte  paramdataflash.o
    0x08000d1c   0x08000d1c   0x00000098   Code   RO         1586    i.FLASH_SetErrorCode  stm32f2xx_hal_flash.o
    0x08000db4   0x08000db4   0x00000064   Code   RO         1587    i.FLASH_WaitForLastOperation  stm32f2xx_hal_flash.o
    0x08000e18   0x08000e18   0x00000034   Code   RO          186    i.Get_SerialNum     usbd_desc.o
    0x08000e4c   0x08000e4c   0x00000076   Code   RO         6980    i.GuardTimeAlarm    lifegrd.o
    0x08000ec2   0x08000ec2   0x0000002a   Code   RO         2253    i.HAL_CAN_ActivateNotification  stm32f2xx_hal_can.o
    0x08000eec   0x08000eec   0x00000156   Code   RO         2254    i.HAL_CAN_AddTxMessage  stm32f2xx_hal_can.o
    0x08001042   0x08001042   0x00000002   PAD
    0x08001044   0x08001044   0x00000124   Code   RO         2255    i.HAL_CAN_ConfigFilter  stm32f2xx_hal_can.o
    0x08001168   0x08001168   0x00000002   Code   RO         2258    i.HAL_CAN_ErrorCallback  stm32f2xx_hal_can.o
    0x0800116a   0x0800116a   0x0000017a   Code   RO         2261    i.HAL_CAN_GetRxMessage  stm32f2xx_hal_can.o
    0x080012e4   0x080012e4   0x00000036   Code   RO         2263    i.HAL_CAN_GetTxMailboxesFreeLevel  stm32f2xx_hal_can.o
    0x0800131a   0x0800131a   0x0000024e   Code   RO         2265    i.HAL_CAN_IRQHandler  stm32f2xx_hal_can.o
    0x08001568   0x08001568   0x00000174   Code   RO         2266    i.HAL_CAN_Init      stm32f2xx_hal_can.o
    0x080016dc   0x080016dc   0x00000098   Code   RO         5709    i.HAL_CAN_MspInit   can.o
    0x08001774   0x08001774   0x00000002   Code   RO         2273    i.HAL_CAN_RxFifo0FullCallback  stm32f2xx_hal_can.o
    0x08001776   0x08001776   0x0000000a   Code   RO         5710    i.HAL_CAN_RxFifo0MsgPendingCallback  can.o
    0x08001780   0x08001780   0x00000002   Code   RO         2275    i.HAL_CAN_RxFifo1FullCallback  stm32f2xx_hal_can.o
    0x08001782   0x08001782   0x00000002   Code   RO         2276    i.HAL_CAN_RxFifo1MsgPendingCallback  stm32f2xx_hal_can.o
    0x08001784   0x08001784   0x00000002   Code   RO         2277    i.HAL_CAN_SleepCallback  stm32f2xx_hal_can.o
    0x08001786   0x08001786   0x0000005e   Code   RO         2278    i.HAL_CAN_Start     stm32f2xx_hal_can.o
    0x080017e4   0x080017e4   0x00000002   Code   RO         2280    i.HAL_CAN_TxMailbox0AbortCallback  stm32f2xx_hal_can.o
    0x080017e6   0x080017e6   0x00000002   Code   RO         2281    i.HAL_CAN_TxMailbox0CompleteCallback  stm32f2xx_hal_can.o
    0x080017e8   0x080017e8   0x00000002   Code   RO         2282    i.HAL_CAN_TxMailbox1AbortCallback  stm32f2xx_hal_can.o
    0x080017ea   0x080017ea   0x00000002   Code   RO         2283    i.HAL_CAN_TxMailbox1CompleteCallback  stm32f2xx_hal_can.o
    0x080017ec   0x080017ec   0x00000002   Code   RO         2284    i.HAL_CAN_TxMailbox2AbortCallback  stm32f2xx_hal_can.o
    0x080017ee   0x080017ee   0x00000002   Code   RO         2285    i.HAL_CAN_TxMailbox2CompleteCallback  stm32f2xx_hal_can.o
    0x080017f0   0x080017f0   0x00000002   Code   RO         2287    i.HAL_CAN_WakeUpFromRxMsgCallback  stm32f2xx_hal_can.o
    0x080017f2   0x080017f2   0x00000002   PAD
    0x080017f4   0x080017f4   0x00000028   Code   RO         1119    i.HAL_Delay         stm32f2xx_hal.o
    0x0800181c   0x0800181c   0x00000014   Code   RO         1591    i.HAL_FLASH_Lock    stm32f2xx_hal_flash.o
    0x08001830   0x08001830   0x00000034   Code   RO         1598    i.HAL_FLASH_Unlock  stm32f2xx_hal_flash.o
    0x08001864   0x08001864   0x000001fc   Code   RO         1970    i.HAL_GPIO_Init     stm32f2xx_hal_gpio.o
    0x08001a60   0x08001a60   0x00000010   Code   RO         1972    i.HAL_GPIO_ReadPin  stm32f2xx_hal_gpio.o
    0x08001a70   0x08001a70   0x0000000c   Code   RO         1974    i.HAL_GPIO_WritePin  stm32f2xx_hal_gpio.o
    0x08001a7c   0x08001a7c   0x0000000c   Code   RO         1125    i.HAL_GetTick       stm32f2xx_hal.o
    0x08001a88   0x08001a88   0x000001d0   Code   RO         2497    i.HAL_I2C_Init      stm32f2xx_hal_i2c.o
    0x08001c58   0x08001c58   0x00000164   Code   RO         2518    i.HAL_I2C_Mem_Write  stm32f2xx_hal_i2c.o
    0x08001dbc   0x08001dbc   0x00000088   Code   RO         6149    i.HAL_I2C_MspInit   i2c.o
    0x08001e44   0x08001e44   0x00000018   Code   RO         1131    i.HAL_IncTick       stm32f2xx_hal.o
    0x08001e5c   0x08001e5c   0x0000003c   Code   RO         1132    i.HAL_Init          stm32f2xx_hal.o
    0x08001e98   0x08001e98   0x000000a0   Code   RO         6434    i.HAL_InitTick      stm32f2xx_hal_timebase_tim.o
    0x08001f38   0x08001f38   0x00000054   Code   RO         6410    i.HAL_MspInit       stm32f2xx_hal_msp.o
    0x08001f8c   0x08001f8c   0x00000020   Code   RO         1447    i.HAL_NVIC_EnableIRQ  stm32f2xx_hal_cortex.o
    0x08001fac   0x08001fac   0x0000007c   Code   RO         1453    i.HAL_NVIC_SetPriority  stm32f2xx_hal_cortex.o
    0x08002028   0x08002028   0x00000028   Code   RO         1454    i.HAL_NVIC_SetPriorityGrouping  stm32f2xx_hal_cortex.o
    0x08002050   0x08002050   0x0000000a   Code   RO          536    i.HAL_PCDEx_SetRxFiFo  stm32f2xx_hal_pcd_ex.o
    0x0800205a   0x0800205a   0x0000004e   Code   RO          537    i.HAL_PCDEx_SetTxFiFo  stm32f2xx_hal_pcd_ex.o
    0x080020a8   0x080020a8   0x0000000e   Code   RO          339    i.HAL_PCD_ConnectCallback  usbd_conf.o
    0x080020b6   0x080020b6   0x00000020   Code   RO          340    i.HAL_PCD_DataInStageCallback  usbd_conf.o
    0x080020d6   0x080020d6   0x00000020   Code   RO          341    i.HAL_PCD_DataOutStageCallback  usbd_conf.o
    0x080020f6   0x080020f6   0x0000000e   Code   RO          342    i.HAL_PCD_DisconnectCallback  usbd_conf.o
    0x08002104   0x08002104   0x0000006a   Code   RO          585    i.HAL_PCD_EP_Close  stm32f2xx_hal_pcd.o
    0x0800216e   0x0800216e   0x0000007c   Code   RO          586    i.HAL_PCD_EP_ClrStall  stm32f2xx_hal_pcd.o
    0x080021ea   0x080021ea   0x00000016   Code   RO          588    i.HAL_PCD_EP_GetRxCount  stm32f2xx_hal_pcd.o
    0x08002200   0x08002200   0x0000008c   Code   RO          589    i.HAL_PCD_EP_Open   stm32f2xx_hal_pcd.o
    0x0800228c   0x0800228c   0x00000058   Code   RO          590    i.HAL_PCD_EP_Receive  stm32f2xx_hal_pcd.o
    0x080022e4   0x080022e4   0x0000008a   Code   RO          591    i.HAL_PCD_EP_SetStall  stm32f2xx_hal_pcd.o
    0x0800236e   0x0800236e   0x0000005a   Code   RO          592    i.HAL_PCD_EP_Transmit  stm32f2xx_hal_pcd.o
    0x080023c8   0x080023c8   0x00000544   Code   RO          594    i.HAL_PCD_IRQHandler  stm32f2xx_hal_pcd.o
    0x0800290c   0x0800290c   0x00000012   Code   RO          343    i.HAL_PCD_ISOINIncompleteCallback  usbd_conf.o
    0x0800291e   0x0800291e   0x00000012   Code   RO          344    i.HAL_PCD_ISOOUTIncompleteCallback  usbd_conf.o
    0x08002930   0x08002930   0x00000166   Code   RO          597    i.HAL_PCD_Init      stm32f2xx_hal_pcd.o
    0x08002a96   0x08002a96   0x00000002   PAD
    0x08002a98   0x08002a98   0x00000094   Code   RO          346    i.HAL_PCD_MspInit   usbd_conf.o
    0x08002b2c   0x08002b2c   0x00000030   Code   RO          347    i.HAL_PCD_ResetCallback  usbd_conf.o
    0x08002b5c   0x08002b5c   0x0000000e   Code   RO          348    i.HAL_PCD_ResumeCallback  usbd_conf.o
    0x08002b6a   0x08002b6a   0x0000000e   Code   RO          349    i.HAL_PCD_SOFCallback  usbd_conf.o
    0x08002b78   0x08002b78   0x00000036   Code   RO          603    i.HAL_PCD_SetAddress  stm32f2xx_hal_pcd.o
    0x08002bae   0x08002bae   0x00000012   Code   RO          350    i.HAL_PCD_SetupStageCallback  usbd_conf.o
    0x08002bc0   0x08002bc0   0x00000034   Code   RO          605    i.HAL_PCD_Start     stm32f2xx_hal_pcd.o
    0x08002bf4   0x08002bf4   0x00000034   Code   RO          351    i.HAL_PCD_SuspendCallback  usbd_conf.o
    0x08002c28   0x08002c28   0x0000018c   Code   RO         1299    i.HAL_RCC_ClockConfig  stm32f2xx_hal_rcc.o
    0x08002db4   0x08002db4   0x00000044   Code   RO         1303    i.HAL_RCC_GetClockConfig  stm32f2xx_hal_rcc.o
    0x08002df8   0x08002df8   0x0000000c   Code   RO         1304    i.HAL_RCC_GetHCLKFreq  stm32f2xx_hal_rcc.o
    0x08002e04   0x08002e04   0x0000002c   Code   RO         1306    i.HAL_RCC_GetPCLK1Freq  stm32f2xx_hal_rcc.o
    0x08002e30   0x08002e30   0x0000002c   Code   RO         1307    i.HAL_RCC_GetPCLK2Freq  stm32f2xx_hal_rcc.o
    0x08002e5c   0x08002e5c   0x000000b0   Code   RO         1308    i.HAL_RCC_GetSysClockFreq  stm32f2xx_hal_rcc.o
    0x08002f0c   0x08002f0c   0x00000408   Code   RO         1311    i.HAL_RCC_OscConfig  stm32f2xx_hal_rcc.o
    0x08003314   0x08003314   0x00000002   Code   RO         3675    i.HAL_TIMEx_BreakCallback  stm32f2xx_hal_tim_ex.o
    0x08003316   0x08003316   0x00000002   Code   RO         3676    i.HAL_TIMEx_CommutCallback  stm32f2xx_hal_tim_ex.o
    0x08003318   0x08003318   0x000000b4   Code   RO         3694    i.HAL_TIMEx_MasterConfigSynchronization  stm32f2xx_hal_tim_ex.o
    0x080033cc   0x080033cc   0x00000066   Code   RO         2960    i.HAL_TIM_Base_Init  stm32f2xx_hal_tim.o
    0x08003432   0x08003432   0x00000002   PAD
    0x08003434   0x08003434   0x00000048   Code   RO         6629    i.HAL_TIM_Base_MspInit  tim.o
    0x0800347c   0x0800347c   0x000000a8   Code   RO         2965    i.HAL_TIM_Base_Start_IT  stm32f2xx_hal_tim.o
    0x08003524   0x08003524   0x00000002   Code   RO         2994    i.HAL_TIM_IC_CaptureCallback  stm32f2xx_hal_tim.o
    0x08003526   0x08003526   0x00000196   Code   RO         3008    i.HAL_TIM_IRQHandler  stm32f2xx_hal_tim.o
    0x080036bc   0x080036bc   0x00000002   Code   RO         3011    i.HAL_TIM_OC_DelayElapsedCallback  stm32f2xx_hal_tim.o
    0x080036be   0x080036be   0x00000002   Code   RO         3038    i.HAL_TIM_PWM_PulseFinishedCallback  stm32f2xx_hal_tim.o
    0x080036c0   0x080036c0   0x00000018   Code   RO         6255    i.HAL_TIM_PeriodElapsedCallback  main.o
    0x080036d8   0x080036d8   0x00000002   Code   RO         3051    i.HAL_TIM_TriggerCallback  stm32f2xx_hal_tim.o
    0x080036da   0x080036da   0x00000004   Code   RO         6476    i.HardFault_Handler  stm32f2xx_it.o
    0x080036de   0x080036de   0x0000003e   Code   RO         2540    i.I2C_IsAcknowledgeFailed  stm32f2xx_hal_i2c.o
    0x0800371c   0x0800371c   0x000000e0   Code   RO         2552    i.I2C_RequestMemoryWrite  stm32f2xx_hal_i2c.o
    0x080037fc   0x080037fc   0x0000005c   Code   RO         2560    i.I2C_WaitOnBTFFlagUntilTimeout  stm32f2xx_hal_i2c.o
    0x08003858   0x08003858   0x00000086   Code   RO         2561    i.I2C_WaitOnFlagUntilTimeout  stm32f2xx_hal_i2c.o
    0x080038de   0x080038de   0x000000c4   Code   RO         2562    i.I2C_WaitOnMasterAddressFlagUntilTimeout  stm32f2xx_hal_i2c.o
    0x080039a2   0x080039a2   0x0000005c   Code   RO         2566    i.I2C_WaitOnTXEFlagUntilTimeout  stm32f2xx_hal_i2c.o
    0x080039fe   0x080039fe   0x00000002   PAD
    0x08003a00   0x08003a00   0x00000014   Code   RO         6305    i.InitParams        paramdataflash.o
    0x08003a14   0x08003a14   0x0000003e   Code   RO          187    i.IntToUnicode      usbd_desc.o
    0x08003a52   0x08003a52   0x00000002   PAD
    0x08003a54   0x08003a54   0x00000084   Code   RO         6190    i.KeyboardInit      keyboard.o
    0x08003ad8   0x08003ad8   0x00000090   Code   RO         5946    i.LEDS_ON_FUNC_CB   canopen_callbacks.o
    0x08003b68   0x08003b68   0x00000012   Code   RO         6192    i.LedColOFF         keyboard.o
    0x08003b7a   0x08003b7a   0x00000012   Code   RO         6193    i.LedColON          keyboard.o
    0x08003b8c   0x08003b8c   0x00000006   Code   RO         6194    i.LedKeyboardInit   keyboard.o
    0x08003b92   0x08003b92   0x00000012   Code   RO         6195    i.LedRowOFF         keyboard.o
    0x08003ba4   0x08003ba4   0x00000012   Code   RO         6196    i.LedRowON          keyboard.o
    0x08003bb6   0x08003bb6   0x00000076   Code   RO         7104    i.LssAlarmSDELAY    lss.o
    0x08003c2c   0x08003c2c   0x000000a8   Code   RO         5711    i.MX_CAN1_Init      can.o
    0x08003cd4   0x08003cd4   0x00000098   Code   RO         6047    i.MX_FREERTOS_Init  freertos.o
    0x08003d6c   0x08003d6c   0x000000d8   Code   RO         6124    i.MX_GPIO_Init      gpio.o
    0x08003e44   0x08003e44   0x0000003c   Code   RO         6150    i.MX_I2C1_Init      i2c.o
    0x08003e80   0x08003e80   0x0000004c   Code   RO         6630    i.MX_TIM6_Init      tim.o
    0x08003ecc   0x08003ecc   0x0000004c   Code   RO           13    i.MX_USB_DEVICE_Init  usb_device.o
    0x08003f18   0x08003f18   0x00000004   Code   RO         6477    i.MemManage_Handler  stm32f2xx_it.o
    0x08003f1c   0x08003f1c   0x00000004   Code   RO         6478    i.NMI_Handler       stm32f2xx_it.o
    0x08003f20   0x08003f20   0x000000c4   Code   RO         6306    i.NewParams2Flash   paramdataflash.o
    0x08003fe4   0x08003fe4   0x00000010   Code   RO         6479    i.OTG_HS_IRQHandler  stm32f2xx_it.o
    0x08003ff4   0x08003ff4   0x00000002   Code   RO         3943    i.SystemInit        system_stm32f2xx.o
    0x08003ff6   0x08003ff6   0x00000006   Code   RO         5315    i.USBD_LL_DevConnected  usbd_core.o
    0x08003ffc   0x08003ffc   0x00000004   Code   RO         6482    i.UsageFault_Handler  stm32f2xx_it.o
    0x08004000   0x08004000   0x00004000   Data   RO         6310    .ARM.__AT_0x08004000  paramdataflash.o
    0x08008000   0x08008000   0x00000012   Code   RO         7672    i.OnCOB_ID_SyncUpdate  sync.o
    0x08008012   0x08008012   0x00000018   Code   RO         6981    i.OnHeartbeatProducerUpdate  lifegrd.o
    0x0800802a   0x0800802a   0x00000018   Code   RO         6982    i.OnNodeGuardUpdate  lifegrd.o
    0x08008042   0x08008042   0x0000002c   Code   RO         6908    i.OnNumberOfErrorsUpdate  emcy.o
    0x0800806e   0x0800806e   0x00000002   PAD
    0x08008070   0x08008070   0x00000064   Code   RO          609    i.PCD_EP_OutSetupPacket_int  stm32f2xx_hal_pcd.o
    0x080080d4   0x080080d4   0x0000017c   Code   RO          610    i.PCD_EP_OutXfrComplete_int  stm32f2xx_hal_pcd.o
    0x08008250   0x08008250   0x000000b6   Code   RO          611    i.PCD_WriteEmptyTxFifo  stm32f2xx_hal_pcd.o
    0x08008306   0x08008306   0x0000002e   Code   RO         7312    i.PDOEventTimerAlarm  pdo.o
    0x08008334   0x08008334   0x00000038   Code   RO         7313    i.PDOInhibitTimerAlarm  pdo.o
    0x0800836c   0x0800836c   0x00000054   Code   RO         7314    i.PDOInit           pdo.o
    0x080083c0   0x080083c0   0x00000076   Code   RO         7315    i.PDOStop           pdo.o
    0x08008436   0x08008436   0x00000046   Code   RO         6983    i.ProducerHeartbeatAlarm  lifegrd.o
    0x0800847c   0x0800847c   0x00000050   Code   RO         6307    i.ReadFlash2Params  paramdataflash.o
    0x080084cc   0x080084cc   0x00000036   Code   RO         7257    i.RegisterSetODentryCallBack  objacces.o
    0x08008502   0x08008502   0x00000002   PAD
    0x08008504   0x08008504   0x00000184   Code   RO         7416    i.SDOTimeoutAlarm   sdo.o
    0x08008688   0x08008688   0x000000ac   Code   RO         7417    i.SDOlineToObjdict  sdo.o
    0x08008734   0x08008734   0x000000f4   Code   RO         7418    i.SDOtoLine         sdo.o
    0x08008828   0x08008828   0x000000b8   Code   RO         7745    i.SetAlarm          timer.o
    0x080088e0   0x080088e0   0x0000000e   Code   RO         6048    i.StartDefaultTask  freertos.o
    0x080088ee   0x080088ee   0x00000002   PAD
    0x080088f0   0x080088f0   0x00000020   Code   RO         6308    i.Storage_InitParams  paramdataflash.o
    0x08008910   0x08008910   0x0000000e   Code   RO         7673    i.SyncAlarm         sync.o
    0x0800891e   0x0800891e   0x00000002   PAD
    0x08008920   0x08008920   0x00000034   Code   RO         5231    i.SysTick_Handler   port.o
    0x08008954   0x08008954   0x0000006e   Code   RO         6256    i.SystemClock_Config  main.o
    0x080089c2   0x080089c2   0x00000002   PAD
    0x080089c4   0x080089c4   0x00000010   Code   RO         6480    i.TIM1_UP_TIM10_IRQHandler  stm32f2xx_it.o
    0x080089d4   0x080089d4   0x00000020   Code   RO         6481    i.TIM6_DAC_IRQHandler  stm32f2xx_it.o
    0x080089f4   0x080089f4   0x000000d8   Code   RO         3053    i.TIM_Base_SetConfig  stm32f2xx_hal_tim.o
    0x08008acc   0x08008acc   0x0000009e   Code   RO         7316    i.TPDO_Communication_Parameter_Callback  pdo.o
    0x08008b6a   0x08008b6a   0x00000002   PAD
    0x08008b6c   0x08008b6c   0x000000c0   Code   RO         7746    i.TimeDispatch      timer.o
    0x08008c2c   0x08008c2c   0x0000007c   Code   RO         5603    i.USBD_CDC_DataIn   usbd_cdc.o
    0x08008ca8   0x08008ca8   0x00000034   Code   RO         5604    i.USBD_CDC_DataOut  usbd_cdc.o
    0x08008cdc   0x08008cdc   0x0000004e   Code   RO         5605    i.USBD_CDC_DeInit   usbd_cdc.o
    0x08008d2a   0x08008d2a   0x00000032   Code   RO         5606    i.USBD_CDC_EP0_RxReady  usbd_cdc.o
    0x08008d5c   0x08008d5c   0x00000010   Code   RO         5607    i.USBD_CDC_GetDeviceQualifierDescriptor  usbd_cdc.o
    0x08008d6c   0x08008d6c   0x00000010   Code   RO         5608    i.USBD_CDC_GetFSCfgDesc  usbd_cdc.o
    0x08008d7c   0x08008d7c   0x00000010   Code   RO         5609    i.USBD_CDC_GetHSCfgDesc  usbd_cdc.o
    0x08008d8c   0x08008d8c   0x00000010   Code   RO         5610    i.USBD_CDC_GetOtherSpeedCfgDesc  usbd_cdc.o
    0x08008d9c   0x08008d9c   0x000000b8   Code   RO         5611    i.USBD_CDC_Init     usbd_cdc.o
    0x08008e54   0x08008e54   0x0000003a   Code   RO         5612    i.USBD_CDC_ReceivePacket  usbd_cdc.o
    0x08008e8e   0x08008e8e   0x0000000e   Code   RO         5613    i.USBD_CDC_RegisterInterface  usbd_cdc.o
    0x08008e9c   0x08008e9c   0x0000000e   Code   RO         5614    i.USBD_CDC_SetRxBuffer  usbd_cdc.o
    0x08008eaa   0x08008eaa   0x00000014   Code   RO         5615    i.USBD_CDC_SetTxBuffer  usbd_cdc.o
    0x08008ebe   0x08008ebe   0x000000f4   Code   RO         5616    i.USBD_CDC_Setup    usbd_cdc.o
    0x08008fb2   0x08008fb2   0x00000016   Code   RO         5310    i.USBD_ClrClassConfig  usbd_core.o
    0x08008fc8   0x08008fc8   0x0000003e   Code   RO         5448    i.USBD_ClrFeature   usbd_ctlreq.o
    0x08009006   0x08009006   0x00000018   Code   RO         5543    i.USBD_CtlContinueRx  usbd_ioreq.o
    0x0800901e   0x0800901e   0x00000018   Code   RO         5544    i.USBD_CtlContinueSendData  usbd_ioreq.o
    0x08009036   0x08009036   0x00000018   Code   RO         5449    i.USBD_CtlError     usbd_ctlreq.o
    0x0800904e   0x0800904e   0x00000028   Code   RO         5545    i.USBD_CtlPrepareRx  usbd_ioreq.o
    0x08009076   0x08009076   0x0000001a   Code   RO         5546    i.USBD_CtlReceiveStatus  usbd_ioreq.o
    0x08009090   0x08009090   0x00000022   Code   RO         5547    i.USBD_CtlSendData  usbd_ioreq.o
    0x080090b2   0x080090b2   0x0000001a   Code   RO         5548    i.USBD_CtlSendStatus  usbd_ioreq.o
    0x080090cc   0x080090cc   0x00000056   Code   RO         5450    i.USBD_GetConfig    usbd_ctlreq.o
    0x08009122   0x08009122   0x000001f4   Code   RO         5451    i.USBD_GetDescriptor  usbd_ctlreq.o
    0x08009316   0x08009316   0x00000014   Code   RO         5452    i.USBD_GetLen       usbd_ctlreq.o
    0x0800932a   0x0800932a   0x0000005a   Code   RO         5453    i.USBD_GetStatus    usbd_ctlreq.o
    0x08009384   0x08009384   0x00000052   Code   RO         5454    i.USBD_GetString    usbd_ctlreq.o
    0x080093d6   0x080093d6   0x0000002c   Code   RO          352    i.USBD_Get_USB_Status  usbd_conf.o
    0x08009402   0x08009402   0x00000002   PAD
    0x08009404   0x08009404   0x00000034   Code   RO          188    i.USBD_HS_ConfigStrDescriptor  usbd_desc.o
    0x08009438   0x08009438   0x00000010   Code   RO          189    i.USBD_HS_DeviceDescriptor  usbd_desc.o
    0x08009448   0x08009448   0x00000038   Code   RO          190    i.USBD_HS_InterfaceStrDescriptor  usbd_desc.o
    0x08009480   0x08009480   0x00000010   Code   RO          191    i.USBD_HS_LangIDStrDescriptor  usbd_desc.o
    0x08009490   0x08009490   0x0000002c   Code   RO          192    i.USBD_HS_ManufacturerStrDescriptor  usbd_desc.o
    0x080094bc   0x080094bc   0x00000040   Code   RO          193    i.USBD_HS_ProductStrDescriptor  usbd_desc.o
    0x080094fc   0x080094fc   0x00000018   Code   RO          194    i.USBD_HS_SerialStrDescriptor  usbd_desc.o
    0x08009514   0x08009514   0x00000032   Code   RO         5312    i.USBD_Init         usbd_core.o
    0x08009546   0x08009546   0x00000026   Code   RO          353    i.USBD_LL_ClearStallEP  usbd_conf.o
    0x0800956c   0x0800956c   0x00000026   Code   RO          354    i.USBD_LL_CloseEP   usbd_conf.o
    0x08009592   0x08009592   0x00000100   Code   RO         5313    i.USBD_LL_DataInStage  usbd_core.o
    0x08009692   0x08009692   0x000000a6   Code   RO         5314    i.USBD_LL_DataOutStage  usbd_core.o
    0x08009738   0x08009738   0x0000001a   Code   RO         5316    i.USBD_LL_DevDisconnected  usbd_core.o
    0x08009752   0x08009752   0x00000012   Code   RO          358    i.USBD_LL_GetRxDataSize  usbd_conf.o
    0x08009764   0x08009764   0x00000070   Code   RO          359    i.USBD_LL_Init      usbd_conf.o
    0x080097d4   0x080097d4   0x00000038   Code   RO          360    i.USBD_LL_IsStallEP  usbd_conf.o
    0x0800980c   0x0800980c   0x00000006   Code   RO         5317    i.USBD_LL_IsoINIncomplete  usbd_core.o
    0x08009812   0x08009812   0x00000006   Code   RO         5318    i.USBD_LL_IsoOUTIncomplete  usbd_core.o
    0x08009818   0x08009818   0x00000030   Code   RO          361    i.USBD_LL_OpenEP    usbd_conf.o
    0x08009848   0x08009848   0x00000030   Code   RO          362    i.USBD_LL_PrepareReceive  usbd_conf.o
    0x08009878   0x08009878   0x0000005c   Code   RO         5319    i.USBD_LL_Reset     usbd_core.o
    0x080098d4   0x080098d4   0x00000016   Code   RO         5320    i.USBD_LL_Resume    usbd_core.o
    0x080098ea   0x080098ea   0x00000022   Code   RO         5321    i.USBD_LL_SOF       usbd_core.o
    0x0800990c   0x0800990c   0x00000008   Code   RO         5322    i.USBD_LL_SetSpeed  usbd_core.o
    0x08009914   0x08009914   0x00000026   Code   RO          363    i.USBD_LL_SetUSBAddress  usbd_conf.o
    0x0800993a   0x0800993a   0x0000006e   Code   RO         5323    i.USBD_LL_SetupStage  usbd_core.o
    0x080099a8   0x080099a8   0x00000026   Code   RO          364    i.USBD_LL_StallEP   usbd_conf.o
    0x080099ce   0x080099ce   0x0000001e   Code   RO          365    i.USBD_LL_Start     usbd_conf.o
    0x080099ec   0x080099ec   0x00000014   Code   RO         5324    i.USBD_LL_Suspend   usbd_core.o
    0x08009a00   0x08009a00   0x00000030   Code   RO          367    i.USBD_LL_Transmit  usbd_conf.o
    0x08009a30   0x08009a30   0x00000028   Code   RO         5455    i.USBD_ParseSetupRequest  usbd_ctlreq.o
    0x08009a58   0x08009a58   0x00000010   Code   RO         5325    i.USBD_RegisterClass  usbd_core.o
    0x08009a68   0x08009a68   0x00000006   Code   RO         5326    i.USBD_RunTestMode  usbd_core.o
    0x08009a6e   0x08009a6e   0x0000005a   Code   RO         5456    i.USBD_SetAddress   usbd_ctlreq.o
    0x08009ac8   0x08009ac8   0x00000022   Code   RO         5327    i.USBD_SetClassConfig  usbd_core.o
    0x08009aea   0x08009aea   0x00000002   PAD
    0x08009aec   0x08009aec   0x000000e8   Code   RO         5457    i.USBD_SetConfig    usbd_ctlreq.o
    0x08009bd4   0x08009bd4   0x00000018   Code   RO         5458    i.USBD_SetFeature   usbd_ctlreq.o
    0x08009bec   0x08009bec   0x0000000e   Code   RO         5328    i.USBD_Start        usbd_core.o
    0x08009bfa   0x08009bfa   0x000000a2   Code   RO         5459    i.USBD_StdDevReq    usbd_ctlreq.o
    0x08009c9c   0x08009c9c   0x00000238   Code   RO         5460    i.USBD_StdEPReq     usbd_ctlreq.o
    0x08009ed4   0x08009ed4   0x0000007e   Code   RO         5461    i.USBD_StdItfReq    usbd_ctlreq.o
    0x08009f52   0x08009f52   0x00000002   PAD
    0x08009f54   0x08009f54   0x000000d0   Code   RO          808    i.USB_ActivateEndpoint  stm32f2xx_ll_usb.o
    0x0800a024   0x0800a024   0x00000028   Code   RO          810    i.USB_ActivateSetup  stm32f2xx_ll_usb.o
    0x0800a04c   0x0800a04c   0x00000078   Code   RO          812    i.USB_CoreInit      stm32f2xx_ll_usb.o
    0x0800a0c4   0x0800a0c4   0x0000004c   Code   RO          813    i.USB_CoreReset     stm32f2xx_ll_usb.o
    0x0800a110   0x0800a110   0x0000014c   Code   RO          816    i.USB_DeactivateEndpoint  stm32f2xx_ll_usb.o
    0x0800a25c   0x0800a25c   0x00000024   Code   RO          817    i.USB_DevConnect    stm32f2xx_ll_usb.o
    0x0800a280   0x0800a280   0x00000024   Code   RO          818    i.USB_DevDisconnect  stm32f2xx_ll_usb.o
    0x0800a2a4   0x0800a2a4   0x000001e0   Code   RO          819    i.USB_DevInit       stm32f2xx_ll_usb.o
    0x0800a484   0x0800a484   0x0000000e   Code   RO          820    i.USB_DisableGlobalInt  stm32f2xx_ll_usb.o
    0x0800a492   0x0800a492   0x00000002   PAD
    0x0800a494   0x0800a494   0x000001d8   Code   RO          823    i.USB_EP0StartXfer  stm32f2xx_ll_usb.o
    0x0800a66c   0x0800a66c   0x00000070   Code   RO          824    i.USB_EP0_OutStart  stm32f2xx_ll_usb.o
    0x0800a6dc   0x0800a6dc   0x0000008e   Code   RO          825    i.USB_EPClearStall  stm32f2xx_ll_usb.o
    0x0800a76a   0x0800a76a   0x0000009a   Code   RO          826    i.USB_EPSetStall    stm32f2xx_ll_usb.o
    0x0800a804   0x0800a804   0x00000344   Code   RO          827    i.USB_EPStartXfer   stm32f2xx_ll_usb.o
    0x0800ab48   0x0800ab48   0x0000000e   Code   RO          828    i.USB_EnableGlobalInt  stm32f2xx_ll_usb.o
    0x0800ab56   0x0800ab56   0x00000002   PAD
    0x0800ab58   0x0800ab58   0x0000002c   Code   RO          829    i.USB_FlushRxFifo   stm32f2xx_ll_usb.o
    0x0800ab84   0x0800ab84   0x00000030   Code   RO          830    i.USB_FlushTxFifo   stm32f2xx_ll_usb.o
    0x0800abb4   0x0800abb4   0x00000026   Code   RO          832    i.USB_GetDevSpeed   stm32f2xx_ll_usb.o
    0x0800abda   0x0800abda   0x0000000a   Code   RO          834    i.USB_GetMode       stm32f2xx_ll_usb.o
    0x0800abe4   0x0800abe4   0x00000014   Code   RO          841    i.USB_ReadDevAllInEpInterrupt  stm32f2xx_ll_usb.o
    0x0800abf8   0x0800abf8   0x00000014   Code   RO          842    i.USB_ReadDevAllOutEpInterrupt  stm32f2xx_ll_usb.o
    0x0800ac0c   0x0800ac0c   0x00000032   Code   RO          843    i.USB_ReadDevInEPInterrupt  stm32f2xx_ll_usb.o
    0x0800ac3e   0x0800ac3e   0x0000001a   Code   RO          844    i.USB_ReadDevOutEPInterrupt  stm32f2xx_ll_usb.o
    0x0800ac58   0x0800ac58   0x0000000a   Code   RO          845    i.USB_ReadInterrupts  stm32f2xx_ll_usb.o
    0x0800ac62   0x0800ac62   0x00000060   Code   RO          846    i.USB_ReadPacket    stm32f2xx_ll_usb.o
    0x0800acc2   0x0800acc2   0x00000068   Code   RO          848    i.USB_SetCurrentMode  stm32f2xx_ll_usb.o
    0x0800ad2a   0x0800ad2a   0x0000002a   Code   RO          849    i.USB_SetDevAddress  stm32f2xx_ll_usb.o
    0x0800ad54   0x0800ad54   0x00000012   Code   RO          850    i.USB_SetDevSpeed   stm32f2xx_ll_usb.o
    0x0800ad66   0x0800ad66   0x00000002   PAD
    0x0800ad68   0x0800ad68   0x000000e8   Code   RO          851    i.USB_SetTurnaroundTime  stm32f2xx_ll_usb.o
    0x0800ae50   0x0800ae50   0x00000044   Code   RO          854    i.USB_WritePacket   stm32f2xx_ll_usb.o
    0x0800ae94   0x0800ae94   0x00000002   Code   RO         7317    i._RxPDO_EventTimers_Handler  pdo.o
    0x0800ae96   0x0800ae96   0x00000002   PAD
    0x0800ae98   0x0800ae98   0x00000020   Code   RO         8123    i.__0printf         mc_w.l(printfa.o)
    0x0800aeb8   0x0800aeb8   0x00000024   Code   RO         8129    i.__0vsprintf       mc_w.l(printfa.o)
    0x0800aedc   0x0800aedc   0x00000010   Code   RO         1460    i.__NVIC_GetPriorityGrouping  stm32f2xx_hal_cortex.o
    0x0800aeec   0x0800aeec   0x00000028   Code   RO         1461    i.__NVIC_SetPriority  stm32f2xx_hal_cortex.o
    0x0800af14   0x0800af14   0x0000000e   Code   RO         8249    i.__scatterload_copy  mc_w.l(handlers.o)
    0x0800af22   0x0800af22   0x00000002   Code   RO         8250    i.__scatterload_null  mc_w.l(handlers.o)
    0x0800af24   0x0800af24   0x0000000e   Code   RO         8251    i.__scatterload_zeroinit  mc_w.l(handlers.o)
    0x0800af32   0x0800af32   0x00000002   PAD
    0x0800af34   0x0800af34   0x00000184   Code   RO         8130    i._fp_digits        mc_w.l(printfa.o)
    0x0800b0b8   0x0800b0b8   0x00000144   Code   RO         7258    i._getODentry       objacces.o
    0x0800b1fc   0x0800b1fc   0x00000002   Code   RO         6984    i._heartbeatError   lifegrd.o
    0x0800b1fe   0x0800b1fe   0x00000002   PAD
    0x0800b200   0x0800b200   0x00000030   Code   RO         5947    i._initialisation   canopen_callbacks.o
    0x0800b230   0x0800b230   0x00000014   Code   RO         5948    i._lss_StoreConfiguration  canopen_callbacks.o
    0x0800b244   0x0800b244   0x00000002   Code   RO         6985    i._nodeguardError   lifegrd.o
    0x0800b246   0x0800b246   0x00000002   PAD
    0x0800b248   0x0800b248   0x0000003c   Code   RO         5949    i._operational      canopen_callbacks.o
    0x0800b284   0x0800b284   0x00000002   Code   RO         6986    i._post_SlaveBootup  lifegrd.o
    0x0800b286   0x0800b286   0x00000002   Code   RO         6987    i._post_SlaveStateChange  lifegrd.o
    0x0800b288   0x0800b288   0x00000002   Code   RO         7674    i._post_TPDO        sync.o
    0x0800b28a   0x0800b28a   0x00000002   Code   RO         6909    i._post_emcy        emcy.o
    0x0800b28c   0x0800b28c   0x00000002   Code   RO         7675    i._post_sync        sync.o
    0x0800b28e   0x0800b28e   0x00000002   PAD
    0x0800b290   0x0800b290   0x00000050   Code   RO         5950    i._preOperational   canopen_callbacks.o
    0x0800b2e0   0x0800b2e0   0x000006dc   Code   RO         8131    i._printf_core      mc_w.l(printfa.o)
    0x0800b9bc   0x0800b9bc   0x00000024   Code   RO         8132    i._printf_post_padding  mc_w.l(printfa.o)
    0x0800b9e0   0x0800b9e0   0x0000002e   Code   RO         8133    i._printf_pre_padding  mc_w.l(printfa.o)
    0x0800ba0e   0x0800ba0e   0x00000002   PAD
    0x0800ba10   0x0800ba10   0x00000174   Code   RO         7787    i._scanIndexOD      keyboard_dict.o
    0x0800bb84   0x0800bb84   0x00000238   Code   RO         7318    i._sendPDOevent     pdo.o
    0x0800bdbc   0x0800bdbc   0x00000154   Code   RO         7259    i._setODentry       objacces.o
    0x0800bf10   0x0800bf10   0x0000000a   Code   RO         8135    i._sputc            mc_w.l(printfa.o)
    0x0800bf1a   0x0800bf1a   0x00000002   Code   RO         7611    i._stopped          states.o
    0x0800bf1c   0x0800bf1c   0x000000b0   Code   RO         5823    i._storeODSubIndex  can_festival_save_param.o
    0x0800bfcc   0x0800bfcc   0x0000001c   Code   RO         7788    i._valueRangeTest   keyboard_dict.o
    0x0800bfe8   0x0800bfe8   0x0000000a   Code   RO         7261    i.accessDictionaryError  objacces.o
    0x0800bff2   0x0800bff2   0x00000002   PAD
    0x0800bff4   0x0800bff4   0x0000016c   Code   RO         7319    i.buildPDO          pdo.o
    0x0800c160   0x0800c160   0x00000006   Code   RO         5902    i.canChangeBaudRate  can_stm32.o
    0x0800c166   0x0800c166   0x000000d0   Code   RO         7612    i.canDispatch       states.o
    0x0800c236   0x0800c236   0x00000044   Code   RO         5903    i.canReceive        can_stm32.o
    0x0800c27a   0x0800c27a   0x00000002   PAD
    0x0800c27c   0x0800c27c   0x00000050   Code   RO         5904    i.canSend           can_stm32.o
    0x0800c2cc   0x0800c2cc   0x00000024   Code   RO         5905    i.can_irq_handler   can_stm32.o
    0x0800c2f0   0x0800c2f0   0x00000020   Code   RO         6910    i.emergencyInit     emcy.o
    0x0800c310   0x0800c310   0x00000002   Code   RO         6911    i.emergencyStop     emcy.o
    0x0800c312   0x0800c312   0x000000b6   Code   RO         7422    i.failedSDO         sdo.o
    0x0800c3c8   0x0800c3c8   0x00000012   Code   RO         8195    i.fputc             mc_w.l(fputc.o)
    0x0800c3da   0x0800c3da   0x00000002   PAD
    0x0800c3dc   0x0800c3dc   0x00000050   Code   RO         8151    i.free              mc_w.l(malloc.o)
    0x0800c42c   0x0800c42c   0x00000028   Code   RO         6670    i.getElapsedTime    timer_stm32.o
    0x0800c454   0x0800c454   0x00000008   Code   RO         7613    i.getNodeId         states.o
    0x0800c45c   0x0800c45c   0x00000094   Code   RO         7424    i.getSDOfreeLine    sdo.o
    0x0800c4f0   0x0800c4f0   0x00000072   Code   RO         7425    i.getSDOlineOnUse   sdo.o
    0x0800c562   0x0800c562   0x0000004a   Code   RO         7426    i.getSDOlineRestBytes  sdo.o
    0x0800c5ac   0x0800c5ac   0x00000094   Code   RO         6989    i.heartbeatInit     lifegrd.o
    0x0800c640   0x0800c640   0x00000038   Code   RO         6990    i.heartbeatStop     lifegrd.o
    0x0800c678   0x0800c678   0x000001c8   Code   RO         7429    i.initSDOline       sdo.o
    0x0800c840   0x0800c840   0x00000014   Code   RO         6671    i.initTimer         timer_stm32.o
    0x0800c854   0x0800c854   0x00000012   Code   RO         6991    i.lifeGuardInit     lifegrd.o
    0x0800c866   0x0800c866   0x00000012   Code   RO         6992    i.lifeGuardStop     lifegrd.o
    0x0800c878   0x0800c878   0x00000160   Code   RO         7430    i.lineToSDO         sdo.o
    0x0800c9d8   0x0800c9d8   0x00000048   Code   RO         6257    i.main              main.o
    0x0800ca20   0x0800ca20   0x0000000e   Code   RO         4799    i.makeFreeRtosPriority  cmsis_os.o
    0x0800ca2e   0x0800ca2e   0x00000002   PAD
    0x0800ca30   0x0800ca30   0x0000006c   Code   RO         8152    i.malloc            mc_w.l(malloc.o)
    0x0800ca9c   0x0800ca9c   0x00000026   Code   RO         7192    i.masterSendNMTnodeguard  nmtmaster.o
    0x0800cac2   0x0800cac2   0x0000002c   Code   RO         7193    i.masterSendNMTstateChange  nmtmaster.o
    0x0800caee   0x0800caee   0x00000002   PAD
    0x0800caf0   0x0800caf0   0x0000008c   Code   RO         6993    i.nodeguardInit     lifegrd.o
    0x0800cb7c   0x0800cb7c   0x00000012   Code   RO         6994    i.nodeguardStop     lifegrd.o
    0x0800cb8e   0x0800cb8e   0x0000008e   Code   RO         7431    i.objdictToSDOline  sdo.o
    0x0800cc1c   0x0800cc1c   0x00000018   Code   RO         4801    i.osDelay           cmsis_os.o
    0x0800cc34   0x0800cc34   0x0000000a   Code   RO         4804    i.osKernelStart     cmsis_os.o
    0x0800cc3e   0x0800cc3e   0x0000005e   Code   RO         4838    i.osThreadCreate    cmsis_os.o
    0x0800cc9c   0x0800cc9c   0x00000098   Code   RO         6373    i.print_ch          print_ch.o
    0x0800cd34   0x0800cd34   0x0000007c   Code   RO         6912    i.proceedEMCY       emcy.o
    0x0800cdb0   0x0800cdb0   0x000001a8   Code   RO         7107    i.proceedLSS_Master  lss.o
    0x0800cf58   0x0800cf58   0x00000660   Code   RO         7108    i.proceedLSS_Slave  lss.o
    0x0800d5b8   0x0800d5b8   0x000000f0   Code   RO         7227    i.proceedNMTstateChange  nmtslave.o
    0x0800d6a8   0x0800d6a8   0x00000120   Code   RO         6995    i.proceedNODE_GUARD  lifegrd.o
    0x0800d7c8   0x0800d7c8   0x00000400   Code   RO         7320    i.proceedPDO        pdo.o
    0x0800dbc8   0x0800dbc8   0x000030e4   Code   RO         7432    i.proceedSDO        sdo.o
    0x08010cac   0x08010cac   0x0000002c   Code   RO         7676    i.proceedSYNC       sync.o
    0x08010cd8   0x08010cd8   0x00000098   Code   RO         4479    i.prvAddCurrentTaskToDelayedList  tasks.o
    0x08010d70   0x08010d70   0x000000b4   Code   RO         4480    i.prvAddNewTaskToReadyList  tasks.o
    0x08010e24   0x08010e24   0x00000048   Code   RO         4481    i.prvCheckTasksWaitingTermination  tasks.o
    0x08010e6c   0x08010e6c   0x00000050   Code   RO         4482    i.prvDeleteTCB      tasks.o
    0x08010ebc   0x08010ebc   0x0000007c   Code   RO         5169    i.prvHeapInit       heap_4.o
    0x08010f38   0x08010f38   0x00000028   Code   RO         4483    i.prvIdleTask       tasks.o
    0x08010f60   0x08010f60   0x000000aa   Code   RO         4484    i.prvInitialiseNewTask  tasks.o
    0x0801100a   0x0801100a   0x00000002   PAD
    0x0801100c   0x0801100c   0x00000068   Code   RO         4485    i.prvInitialiseTaskLists  tasks.o
    0x08011074   0x08011074   0x00000068   Code   RO         5170    i.prvInsertBlockIntoFreeList  heap_4.o
    0x080110dc   0x080110dc   0x00000034   Code   RO         4486    i.prvResetNextTaskUnblockTime  tasks.o
    0x08011110   0x08011110   0x00000040   Code   RO         5232    i.prvTaskExitError  port.o
    0x08011150   0x08011150   0x0000013c   Code   RO         5171    i.pvPortMalloc      heap_4.o
    0x0801128c   0x0801128c   0x00000024   Code   RO         5233    i.pxPortInitialiseStack  port.o
    0x080112b0   0x080112b0   0x0000001a   Code   RO         7436    i.resetSDO          sdo.o
    0x080112ca   0x080112ca   0x00000060   Code   RO         7437    i.resetSDOline      sdo.o
    0x0801132a   0x0801132a   0x0000001c   Code   RO         7262    i.scanIndexOD       objacces.o
    0x08011346   0x08011346   0x00000002   PAD
    0x08011348   0x08011348   0x000001a4   Code   RO         7321    i.sendOnePDOevent   pdo.o
    0x080114ec   0x080114ec   0x0000002a   Code   RO         7324    i.sendPdo           pdo.o
    0x08011516   0x08011516   0x00000002   PAD
    0x08011518   0x08011518   0x00000124   Code   RO         7438    i.sendSDO           sdo.o
    0x0801163c   0x0801163c   0x00000052   Code   RO         7439    i.sendSDOabort      sdo.o
    0x0801168e   0x0801168e   0x00000016   Code   RO         7677    i.sendSYNC          sync.o
    0x080116a4   0x080116a4   0x00000024   Code   RO         7678    i.sendSYNCMessage   sync.o
    0x080116c8   0x080116c8   0x00000120   Code   RO         7111    i.sendSlaveLSSMessage  lss.o
    0x080117e8   0x080117e8   0x0000019c   Code   RO         7615    i.setNodeId         states.o
    0x08011984   0x08011984   0x00000088   Code   RO         7440    i.setSDOlineRestBytes  sdo.o
    0x08011a0c   0x08011a0c   0x000000cc   Code   RO         7616    i.setState          states.o
    0x08011ad8   0x08011ad8   0x00000014   Code   RO         6672    i.setTimer          timer_stm32.o
    0x08011aec   0x08011aec   0x0000003a   Code   RO         7228    i.slaveSendBootUp   nmtslave.o
    0x08011b26   0x08011b26   0x00000002   Code   RO         7112    i.startLSS          lss.o
    0x08011b28   0x08011b28   0x0000006c   Code   RO         7679    i.startSYNC         sync.o
    0x08011b94   0x08011b94   0x00000002   Code   RO         6555    i.stg_GetDEVmap     storage.o
    0x08011b96   0x08011b96   0x00000002   PAD
    0x08011b98   0x08011b98   0x00000014   Code   RO         6557    i.stg_GetNodeID     storage.o
    0x08011bac   0x08011bac   0x0000000a   Code   RO         6558    i.stg_IsMagic       storage.o
    0x08011bb6   0x08011bb6   0x00000002   Code   RO         6559    i.stg_SetDEVmap     storage.o
    0x08011bb8   0x08011bb8   0x00000014   Code   RO         6561    i.stg_SetNodeID     storage.o
    0x08011bcc   0x08011bcc   0x00000002   Code   RO         6562    i.stg_SetValue      storage.o
    0x08011bce   0x08011bce   0x00000002   Code   RO         7113    i.stopLSS           lss.o
    0x08011bd0   0x08011bd0   0x0000002e   Code   RO         7680    i.stopSYNC          sync.o
    0x08011bfe   0x08011bfe   0x0000014c   Code   RO         7617    i.switchCommunicationState  states.o
    0x08011d4a   0x08011d4a   0x00000002   PAD
    0x08011d4c   0x08011d4c   0x0000001c   Code   RO         6673    i.timer_can_irq_handler  timer_stm32.o
    0x08011d68   0x08011d68   0x00000028   Code   RO         4111    i.uxListRemove      list.o
    0x08011d90   0x08011d90   0x00000018   Code   RO         6049    i.vApplicationGetIdleTaskMemory  freertos.o
    0x08011da8   0x08011da8   0x0000000a   Code   RO         6050    i.vKeyboardPolling_Handler  freertos.o
    0x08011db2   0x08011db2   0x00000002   PAD
    0x08011db4   0x08011db4   0x0000007c   Code   RO         6051    i.vLedON_Handler    freertos.o
    0x08011e30   0x08011e30   0x0000001a   Code   RO         4112    i.vListInitialise   list.o
    0x08011e4a   0x08011e4a   0x00000006   Code   RO         4113    i.vListInitialiseItem  list.o
    0x08011e50   0x08011e50   0x00000034   Code   RO         4114    i.vListInsert       list.o
    0x08011e84   0x08011e84   0x00000018   Code   RO         4115    i.vListInsertEnd    list.o
    0x08011e9c   0x08011e9c   0x00000054   Code   RO         5235    i.vPortEnterCritical  port.o
    0x08011ef0   0x08011ef0   0x0000003c   Code   RO         5236    i.vPortExitCritical  port.o
    0x08011f2c   0x08011f2c   0x00000094   Code   RO         5172    i.vPortFree         heap_4.o
    0x08011fc0   0x08011fc0   0x00000028   Code   RO         5237    i.vPortSetupTimerInterrupt  port.o
    0x08011fe8   0x08011fe8   0x0000000a   Code   RO         6052    i.vSendToCAN_Handler  freertos.o
    0x08011ff2   0x08011ff2   0x0000000a   Code   RO         6053    i.vSendToUSB_Handler  freertos.o
    0x08011ffc   0x08011ffc   0x0000005c   Code   RO         4494    i.vTaskDelay        tasks.o
    0x08012058   0x08012058   0x000000d4   Code   RO         4495    i.vTaskDelayUntil   tasks.o
    0x0801212c   0x0801212c   0x000000b0   Code   RO         4508    i.vTaskStartScheduler  tasks.o
    0x080121dc   0x080121dc   0x00000010   Code   RO         4510    i.vTaskSuspendAll   tasks.o
    0x080121ec   0x080121ec   0x0000008c   Code   RO         4511    i.vTaskSwitchContext  tasks.o
    0x08012278   0x08012278   0x000000f8   Code   RO         5239    i.xPortStartScheduler  port.o
    0x08012370   0x08012370   0x00000064   Code   RO         4513    i.xTaskCreate       tasks.o
    0x080123d4   0x080123d4   0x000000b8   Code   RO         4514    i.xTaskCreateStatic  tasks.o
    0x0801248c   0x0801248c   0x0000000c   Code   RO         4519    i.xTaskGetTickCount  tasks.o
    0x08012498   0x08012498   0x00000148   Code   RO         4521    i.xTaskIncrementTick  tasks.o
    0x080125e0   0x080125e0   0x00000104   Code   RO         4527    i.xTaskResumeAll    tasks.o
    0x080126e4   0x080126e4   0x00000018   Data   RO         3944    .constdata          system_stm32f2xx.o
    0x080126fc   0x080126fc   0x00000011   Data   RO         5824    .constdata          can_festival_save_param.o
    0x0801270d   0x0801270d   0x00000003   PAD
    0x08012710   0x08012710   0x0000008c   Data   RO         6055    .constdata          freertos.o
    0x0801279c   0x0801279c   0x00000040   Data   RO         7618    .constdata          states.o
    0x080127dc   0x080127dc   0x00000170   Data   RO         7790    .constdata          keyboard_dict.o
    0x0801294c   0x0801294c   0x0000003c   Data   RO         6056    .conststring        freertos.o
    0x08012988   0x08012988   0x000000c2   Data   RO         6722    .conststring        ht_proc.o
    0x08012a4a   0x08012a4a   0x00000002   PAD
    0x08012a4c   0x08012a4c   0x00000446   Data   RO         7444    .conststring        sdo.o
    0x08012e92   0x08012e92   0x00000002   PAD
    0x08012e94   0x08012e94   0x00000005   Data   RO         7791    .conststring        keyboard_dict.o
    0x08012e99   0x08012e99   0x00000003   PAD
    0x08012e9c   0x08012e9c   0x00000040   Data   RO         8247    Region$$Table       anon$$obj.o


    Execution Region RW_IRAM1 (Exec base: 0x20000000, Load base: 0x08012edc, Size: 0x0000a2d8, Max: 0x0000c000, ABSOLUTE)

    Exec Addr    Load Addr    Size         Type   Attr      Idx    E Section Name        Object

    0x20000000   0x08012edc   0x0000004e   Data   RW          196    .data               usbd_desc.o
    0x2000004e   0x08012f2a   0x00000002   PAD
    0x20000050   0x08012f2c   0x00000018   Data   RW          282    .data               usbd_cdc_if.o
    0x20000068   0x08012f44   0x00000009   Data   RW         1139    .data               stm32f2xx_hal.o
    0x20000071   0x08012f4d   0x00000003   PAD
    0x20000074   0x08012f50   0x00000004   Data   RW         3945    .data               system_stm32f2xx.o
    0x20000078   0x08012f54   0x00000014   Data   RW         6311    .data               paramdataflash.o
    0x2000008c   0x08012f68   0x00000004   Data   RW         8197    .data               mc_w.l(stdout.o)
    0x20000090   0x08012f6c   0x00000004   Data   RW         8203    .data               mc_w.l(mvars.o)
    0x20000094        -       0x00000020   Zero   RW         1599    .bss                stm32f2xx_hal_flash.o
    0x200000b4        -       0x000000f0   Zero   RW         4529    .bss                tasks.o
    0x200001a4        -       0x00003c00   Zero   RW         5176    .bss                heap_4.o
    0x20003da4        -       0x00000028   Zero   RW         5712    .bss                can.o
    0x20003dcc        -       0x00000010   Zero   RW         5906    .bss                can_stm32.o
    0x20003ddc        -       0x00000254   Zero   RW         6054    .bss                freertos.o
    0x20004030        -       0x00000054   Zero   RW         6151    .bss                i2c.o
    0x20004084        -       0x00000190   Zero   RW         6374    .bss                print_ch.o
    0x20004214        -       0x00000048   Zero   RW         6631    .bss                tim.o
    0x2000425c        -       0x0000007c   Zero   RW         7789    .bss                keyboard_dict.o
    0x200042d8        -       0x00002000   Zero   RW            2    HEAP                startup_stm32f205xx.o
    0x200062d8        -       0x00004000   Zero   RW            1    STACK               startup_stm32f205xx.o


    Execution Region RW_IRAM2 (Exec base: 0x2001c000, Load base: 0x08012f70, Size: 0x000022d8, Max: 0x00004000, ABSOLUTE, COMPRESSED[0x000002f4])

    Exec Addr    Load Addr    Size         Type   Attr      Idx    E Section Name        Object

    0x2001c000   COMPRESSED   0x0000003c   Data   RW         4530    .data               tasks.o
    0x2001c03c   COMPRESSED   0x00000018   Data   RW         5177    .data               heap_4.o
    0x2001c054   COMPRESSED   0x0000000c   Data   RW         5240    .data               port.o
    0x2001c060   COMPRESSED   0x00000001   Data   RW         5462    .data               usbd_ctlreq.o
    0x2001c061   COMPRESSED   0x00000003   PAD
    0x2001c064   COMPRESSED   0x0000010f   Data   RW         5618    .data               usbd_cdc.o
    0x2001c173   COMPRESSED   0x00000001   PAD
    0x2001c174   COMPRESSED   0x00000019   Data   RW         6057    .data               freertos.o
    0x2001c18d   COMPRESSED   0x00000003   PAD
    0x2001c190   COMPRESSED   0x00000004   Data   RW         6674    .data               timer_stm32.o
    0x2001c194   COMPRESSED   0x00000054   Data   RW         6723    .data               ht_proc.o
    0x2001c1e8   COMPRESSED   0x0000000c   Data   RW         7748    .data               timer.o
    0x2001c1f4   COMPRESSED   0x000007dc   Data   RW         7792    .data               keyboard_dict.o
    0x2001c9d0   COMPRESSED   0x00000004   Data   RW         8202    .data               mc_w.l(mvars.o)
    0x2001c9d4        -       0x000002c4   Zero   RW           14    .bss                usb_device.o
    0x2001cc98        -       0x00000100   Zero   RW          195    .bss                usbd_desc.o
    0x2001cd98        -       0x00000c00   Zero   RW          281    .bss                usbd_cdc_if.o
    0x2001d998        -       0x00000400   Zero   RW          368    .bss                usbd_conf.o
    0x2001dd98        -       0x00000028   Zero   RW         6258    .bss                main.o
    0x2001ddc0        -       0x00000048   Zero   RW         6437    .bss                stm32f2xx_hal_timebase_tim.o
    0x2001de08        -       0x0000040f   Zero   RW         6721    .bss                ht_proc.o
    0x2001e217   COMPRESSED   0x00000001   PAD
    0x2001e218        -       0x000000c0   Zero   RW         7747    .bss                timer.o


==============================================================================

Image component sizes


      Code (inc. data)   RO Data    RW Data    ZI Data      Debug   Object Name

       330         22          0          0         40      17405   can.o
       176         54         17          0          0      13627   can_festival_save_param.o
       190         18          0          0         16       3217   can_stm32.o
       468        122          0          0          0       5260   canopen_callbacks.o
       142          0          0          0          0      25075   cmsis_os.o
         0          0          0          0          0      19212   croutine.o
         0          0          0          0          0      13424   dcf.o
       204         54          0          0          0       3220   emcy.o
         0          0          0          0          0      20932   event_groups.o
       344         46        200         25        596      10093   freertos.o
       216         14          0          0          0       1083   gpio.o
       692         62          0         24      15360       7603   heap_4.o
         0          0        194         84       1039       2507   ht_proc.o
       196         24          0          0         84       1833   i2c.o
       210          6          0          0          0       4019   keyboard.o
       400         80        373       2012        124       9435   keyboard_dict.o
       980         28          0          0          0      10864   lifegrd.o
       148          0          0          0          0       3734   list.o
      2466        450          0          0          0       5595   lss.o
       212         20          0          0         40       3284   main.o
        82          0          0          0          0       1484   nmtmaster.o
       298          0          0          0          0       1598   nmtslave.o
       756         26          0          0          0       5023   objacces.o
       724         74      16384         20          0       6118   paramdataflash.o
      3118        424          0          0          0      11302   pdo.o
       734         64          0         12          0      10984   port.o
       152         20          0          0        400       1355   print_ch.o
         0          0          0          0          0       2532   queue.o
     15420       1386       1094          0          0      18249   sdo.o
        36          8        388          0      24576        856   startup_stm32f205xx.o
      1166         26         64          0          0       5575   states.o
       136         26          0          9          0       8790   stm32f2xx_hal.o
      2188          6          0          0          0      15501   stm32f2xx_hal_can.o
       252         22          0          0          0      30682   stm32f2xx_hal_cortex.o
       324         38          0          0         32       2898   stm32f2xx_hal_flash.o
       536         50          0          0          0       2883   stm32f2xx_hal_gpio.o
      1620         30          0          0          0       8483   stm32f2xx_hal_i2c.o
        84          6          0          0          0        950   stm32f2xx_hal_msp.o
      3182         14          0          0          0      13153   stm32f2xx_hal_pcd.o
        88          0          0          0          0       1932   stm32f2xx_hal_pcd_ex.o
      1772         90          0          0          0       6445   stm32f2xx_hal_rcc.o
       900         76          0          0          0       6123   stm32f2xx_hal_tim.o
       184         30          0          0          0       2625   stm32f2xx_hal_tim_ex.o
       160         20          0          0         72       1587   stm32f2xx_hal_timebase_tim.o
       102         26          0          0          0       5036   stm32f2xx_it.o
      3898        104          0          0          0      23438   stm32f2xx_ll_usb.o
        56         10          0          0          0       3237   storage.o
         0          0          0          0          0        392   stream_buffer.o
       292          8          0          0          0       5330   sync.o
         2          0         24          4          0       1275   system_stm32f2xx.o
      2370        288          0         60        240      19799   tasks.o
       148         20          0          0         72       1782   tim.o
       432         38          0         12        192       4122   timer.o
       108         30          0          4          0       2428   timer_stm32.o
        76         16          0          0        708     640139   usb_device.o
       902         24          0        271          0      13200   usbd_cdc.o
       256         42          0         24       3072       3322   usbd_cdc_if.o
       978         28          0          0       1024      17052   usbd_conf.o
       894          0          0          0          0      13433   usbd_core.o
      2106         28          0          1          0      11472   usbd_ctlreq.o
       386        122          0         78        256       7189   usbd_desc.o
       174          0          0          0          0       4904   usbd_ioreq.o

    ----------------------------------------------------------------------
     54534       4220      18812       2652      47944    1126100   Object Totals
         0          0         64          0          0          0   (incl. Generated)
        68          0         10         12          1          0   (incl. Padding)

    ----------------------------------------------------------------------

      Code (inc. data)   RO Data    RW Data    ZI Data      Debug   Library Member Name

        86          0          0          0          0          0   __dczerorl2.o
         0          0          0          0          0          0   entry.o
         0          0          0          0          0          0   entry10a.o
         0          0          0          0          0          0   entry11a.o
         8          4          0          0          0          0   entry2.o
         4          0          0          0          0          0   entry5.o
         0          0          0          0          0          0   entry7b.o
         0          0          0          0          0          0   entry8b.o
         8          4          0          0          0          0   entry9a.o
        18          0          0          0          0         80   fputc.o
        30          0          0          0          0          0   handlers.o
        36          8          0          0          0         68   init.o
         0          0          0          0          0          0   iusefp.o
         0          0          0          0          0          0   iusesemip.o
        30          0          0          0          0         68   llshl.o
        36          0          0          0          0         68   llsshr.o
        32          0          0          0          0         68   llushr.o
       188         20          0          0          0        160   malloc.o
        26          0          0          0          0         80   memcmp.o
        36          0          0          0          0         68   memcpya.o
        36          0          0          0          0        108   memseta.o
         0          0          0          8          0          0   mvars.o
      2304         96          0          0          0        600   printfa.o
         0          0          0          0          0          0   semi.o
         0          0          0          4          0          0   stdout.o
        28          0          0          0          0         76   strcmp.o
        66          0          0          0          0         76   strlcat.o
        44          0          0          0          0         80   uidiv.o
        98          0          0          0          0         92   uldiv.o
        48          0          0          0          0         68   cdrcmple.o
       334          0          0          0          0        148   dadd.o
       222          0          0          0          0        100   ddiv.o
       186          0          0          0          0        176   depilogue.o
        48          0          0          0          0         68   dfixul.o
       228          0          0          0          0         96   dmul.o

    ----------------------------------------------------------------------
      4186        132          0         12          0       2348   Library Totals
         6          0          0          0          0          0   (incl. Padding)

    ----------------------------------------------------------------------

      Code (inc. data)   RO Data    RW Data    ZI Data      Debug   Library Name

      3114        132          0         12          0       1692   mc_w.l
      1066          0          0          0          0        656   mf_w.l

    ----------------------------------------------------------------------
      4186        132          0         12          0       2348   Library Totals

    ----------------------------------------------------------------------

==============================================================================


      Code (inc. data)   RO Data    RW Data    ZI Data      Debug   

     58720       4352      18812       2664      47944    1107412   Grand Totals
     58720       4352      18812        904      47944    1107412   ELF Image Totals (compressed)
     58720       4352      18812        904          0          0   ROM Totals

==============================================================================

    Total RO  Size (Code + RO Data)                77532 (  75.71kB)
    Total RW  Size (RW Data + ZI Data)             50608 (  49.42kB)
    Total ROM Size (Code + RO Data + RW Data)      78436 (  76.60kB)

==============================================================================

